
U-Boot SPL 2015.07 (Jul 20 2015 - 10:55:58)
DRA752 ES1.1
reading args
spl_load_image_fat_os: error reading image args, err - -1
reading u-boot.img
reading u-boot.img


U-Boot 2015.07 (Jul 20 2015 - 10:55:58 -0500)

CPU  : DRA752 ES1.1
Board: BeagleBoard x15
I2C:   ready
DRAM:  2 GiB
MMC:   OMAP SD/MMC: 0, OMAP SD/MMC: 1
reading uboot.env
SATA link 0 timeout.
AHCI 0001.0300 32 slots 1 ports 3 Gbps 0x1 impl SATA mode
flags: 64bit ncq stag pm led clo only pmp pio slum part ccc apst
SCSI:  SATA link 0 timeout.
AHCI 0001.0300 32 slots 1 ports 3 Gbps 0x1 impl SATA mode
flags: 64bit ncq stag pm led clo only pmp pio slum part ccc apst
scanning bus for devices...
Found 0 device(s).
Net:   cpsw
Hit any key to stop autoboot:  0
switch to partitions #0, OK
mmc0 is current device
SD/MMC found on device 0
reading uEnv.txt
1562 bytes read in 5 ms (304.7 KiB/s)
Loaded environment from uEnv.txt
Importing environment from mmc0 ...
Running uenvcmd ...
network start
Loading DTB over network ...
cpsw Waiting for PHY auto negotiation to complete.. done
link up on port 0, speed 100, full duplex
BOOTP broadcast 1
BOOTP broadcast 2
BOOTP broadcast 3
DHCP client bound to address 128.247.8.207 (1262 ms)
Using cpsw device
TFTP from server 128.247.9.166; our IP address is 128.247.8.207
Filename 'suman/am57xx-beagle-x15.dtb'.
Load address: 0x88000000
Loading: ######
         3.1 MiB/s
done
Bytes transferred = 76826 (12c1a hex)
DTB loaded ...
Loading kernel over network ...
link up on port 0, speed 100, full duplex
BOOTP broadcast 1
DHCP client bound to address 128.247.8.207 (6 ms)
Using cpsw device
TFTP from server 128.247.9.166; our IP address is 128.247.8.207
Filename 'suman/zImage'.
Load address: 0x82000000
Loading: #################################################################
         #################################################################
         #################################################################
         #######################################################
         3.4 MiB/s
done
Bytes transferred = 3669336 (37fd58 hex)
Kernel loaded ...
network stop
Kernel image @ 0x82000000 [ 0x000000 - 0x37fd58 ]
## Flattened Device Tree blob at 88000000
   Booting using the fdt blob at 0x88000000
   Loading Device Tree to 8ffea000, end 8ffffc19 ... OK

Starting kernel ...

[    0.000000] Booting Linux on physical CPU 0x0
[    0.000000] Initializing cgroup subsys cpuset
[    0.000000] Initializing cgroup subsys cpu
[    0.000000] Initializing cgroup subsys cpuacct
[    0.000000] Linux version 4.3.0-rc3-00010-gcecd161224c2 (suman@Irmo) (gcc version 4.9.3 20150413 (prerelease) (Linaro GCC 4.9-2015.05) ) #56 SMP Fri Oct 2 16:28:57 CDT
2015
[    0.000000] CPU: ARMv7 Processor [412fc0f2] revision 2 (ARMv7), cr=10c5387d
[    0.000000] CPU: PIPT / VIPT nonaliasing data cache, PIPT instruction cache
[    0.000000] Machine model: TI AM5728 BeagleBoard-X15
[    0.000000] cma: Reserved 16 MiB at 0xfe800000
[    0.000000] Memory policy: Data cache writealloc
[    0.000000] DRA752 ES1.1
[    0.000000] PERCPU: Embedded 14 pages/cpu @ee573000 s25088 r8192 d24064 u57344
[    0.000000] Built 1 zonelists in Zone order, mobility grouping on.  Total pages: 522065
[    0.000000] Kernel command line: root=/dev/nfs rw nfsroot=128.247.9.166:/home/suman/projects/rfs/dra7/am57xx-sdk rootdelay=1 console=ttyO2,115200n8 noinitrd ip=dhcp ear
lyprintk
[    0.000000] PID hash table entries: 4096 (order: 2, 16384 bytes)
[    0.000000] Dentry cache hash table entries: 131072 (order: 7, 524288 bytes)
[    0.000000] Inode-cache hash table entries: 65536 (order: 6, 262144 bytes)
[    0.000000] Memory: 2040356K/2095100K available (6723K kernel code, 750K rwdata, 2288K rodata, 452K init, 8265K bss, 38360K reserved, 16384K cma-reserved, 1300476K high
mem)
[    0.000000] Virtual kernel memory layout:
[    0.000000]     vector  : 0xffff0000 - 0xffff1000   (   4 kB)
[    0.000000]     fixmap  : 0xffc00000 - 0xfff00000   (3072 kB)
[    0.000000]     vmalloc : 0xf0000000 - 0xff000000   ( 240 MB)
[    0.000000]     lowmem  : 0xc0000000 - 0xef800000   ( 760 MB)
[    0.000000]     pkmap   : 0xbfe00000 - 0xc0000000   (   2 MB)
[    0.000000]     modules : 0xbf000000 - 0xbfe00000   (  14 MB)
[    0.000000]       .text : 0xc0008000 - 0xc08d4ebc   (9012 kB)
[    0.000000]       .init : 0xc08d5000 - 0xc0946000   ( 452 kB)
[    0.000000]       .data : 0xc0946000 - 0xc0a01b60   ( 751 kB)
[    0.000000]        .bss : 0xc0a04000 - 0xc12164f8   (8266 kB)
[    0.000000] Running RCU self tests
[    0.000000] Hierarchical RCU implementation.
[    0.000000]  RCU lockdep checking is enabled.
[    0.000000]  Build-time adjustment of leaf fanout to 32.
[    0.000000] NR_IRQS:16 nr_irqs:16 16
[    0.000000] OMAP clockevent source: timer1 at 32768 Hz
[    0.000000] clocksource: 32k_counter: mask: 0xffffffff max_cycles: 0xffffffff, max_idle_ns: 58327039986419 ns
[    0.000030] sched_clock: 32 bits at 32kHz, resolution 30517ns, wraps every 65535999984741ns
[    0.000030] OMAP clocksource: 32k_counter at 32768 Hz
[    0.000518] Architected cp15 timer(s) running at 6.14MHz (virt).
[    0.000518] clocksource: arch_sys_counter: mask: 0xffffffffffffff max_cycles: 0x16af5adb9, max_idle_ns: 440795202250 ns
[    0.000553] sched_clock: 56 bits at 6MHz, resolution 162ns, wraps every 4398046511023ns
[    0.000564] Switching to timer-based delay loop, resolution 162ns
[    0.001764] Console: colour dummy device 80x30
[    0.001798] Lock dependency validator: Copyright (c) 2006 Red Hat, Inc., Ingo Molnar
[    0.001805] ... MAX_LOCKDEP_SUBCLASSES:  8
[    0.001811] ... MAX_LOCK_DEPTH:          48
[    0.001818] ... MAX_LOCKDEP_KEYS:        8191
[    0.001824] ... CLASSHASH_SIZE:          4096
[    0.001830] ... MAX_LOCKDEP_ENTRIES:     32768
[    0.001836] ... MAX_LOCKDEP_CHAINS:      65536
[    0.001842] ... CHAINHASH_SIZE:          32768
[    0.001848]  memory used by lock dependency info: 5167 kB
[    0.001854]  per task-struct memory footprint: 1536 bytes
[    0.001873] Calibrating delay loop (skipped), value calculated using timer frequency.. 12.29 BogoMIPS (lpj=61475)
[    0.001886] pid_max: default: 32768 minimum: 301
[    0.002161] Security Framework initialized
[    0.002261] Mount-cache hash table entries: 2048 (order: 1, 8192 bytes)
[    0.002273] Mountpoint-cache hash table entries: 2048 (order: 1, 8192 bytes)
[    0.004321] Initializing cgroup subsys io
[    0.004395] Initializing cgroup subsys memory
[    0.004455] Initializing cgroup subsys devices
[    0.004510] Initializing cgroup subsys freezer
[    0.004594] Initializing cgroup subsys perf_event
[    0.004636] CPU: Testing write buffer coherency: ok
[    0.005527] /cpus/cpu@0 missing clock-frequency property
[    0.005572] /cpus/cpu@1 missing clock-frequency property
[    0.005583] CPU0: thread -1, cpu 0, socket 0, mpidr 80000000
[    0.005639] Setting up static identity map for 0x80008280 - 0x800082f0
[    0.009913] CPU1: thread -1, cpu 1, socket 0, mpidr 80000001
[    0.010305] Brought up 2 CPUs
[    0.010319] SMP: Total of 2 processors activated (24.59 BogoMIPS).
[    0.010326] CPU: All CPU(s) started in SVC mode.
[    0.012807] devtmpfs: initialized
[    0.071209] VFP support v0.3: implementor 41 architecture 4 part 30 variant f rev 0
[    0.072757] omap_hwmod: l3_main_2 using broken dt data from ocp
[    0.296720] clocksource: jiffies: mask: 0xffffffff max_cycles: 0xffffffff, max_idle_ns: 19112604462750000 ns
[    0.297780] pinctrl core: initialized pinctrl subsystem
[    0.301201] NET: Registered protocol family 16
[    0.304665] DMA: preallocated 256 KiB pool for atomic coherent allocations
[    0.331254] cpuidle: using governor ladder
[    0.361238] cpuidle: using governor menu
[    0.372369] OMAP GPIO hardware version 0.1
[    0.383142] irq: no irq domain found for /ocp/l4@4a000000/scm@2000/pinmux@1400 !
[    0.404863] No ATAGs?
[    0.404919] hw-breakpoint: found 5 (+1 reserved) breakpoint and 4 watchpoint registers.
[    0.404928] hw-breakpoint: maximum watchpoint size is 8 bytes.
[    0.405947] omap4_sram_init:Unable to allocate sram needed to handle errata I688
[    0.405957] omap4_sram_init:Unable to get sram pool needed to handle errata I688
[    0.407261] OMAP DMA hardware revision 0.0
[    0.462619] omap-dma-engine 4a056000.dma-controller: OMAP DMA engine driver
[    0.467640] SCSI subsystem initialized
[    0.468520] usbcore: registered new interface driver usbfs
[    0.468640] usbcore: registered new interface driver hub
[    0.468747] usbcore: registered new device driver usb
[    0.469363] omap_i2c 48070000.i2c: could not find pctldev for node /ocp/l4@4a000000/scm@2000/pinmux@1400/i2c1_pins_default, deferring probe
[    0.469426] omap_i2c 48060000.i2c: could not find pctldev for node /ocp/l4@4a000000/scm@2000/pinmux@1400/i2c3_pins_default, deferring probe
[    0.469624] pps_core: LinuxPPS API ver. 1 registered
[    0.469631] pps_core: Software ver. 5.3.6 - Copyright 2005-2007 Rodolfo Giometti <giometti@linux.it>
[    0.469686] PTP clock support registered
[    0.472388] clocksource: Switched to clocksource arch_sys_counter
[    0.576369] NET: Registered protocol family 2
[    0.577680] TCP established hash table entries: 8192 (order: 3, 32768 bytes)
[    0.577813] TCP bind hash table entries: 8192 (order: 6, 294912 bytes)
[    0.580059] TCP: Hash tables configured (established 8192 bind 8192)
[    0.580202] UDP hash table entries: 512 (order: 3, 40960 bytes)
[    0.580508] UDP-Lite hash table entries: 512 (order: 3, 40960 bytes)
[    0.581365] NET: Registered protocol family 1
[    0.582377] RPC: Registered named UNIX socket transport module.
[    0.582387] RPC: Registered udp transport module.
[    0.582394] RPC: Registered tcp transport module.
[    0.582402] RPC: Registered tcp NFSv4.1 backchannel transport module.
[    0.584166] hw perfevents: enabled with armv7_cortex_a15 PMU driver, 7 counters available
[    0.587819] futex hash table entries: 512 (order: 3, 32768 bytes)
[    0.588105] audit: initializing netlink subsys (disabled)
[    0.588234] audit: type=2000 audit(0.579:1): initialized
[    0.590594] VFS: Disk quotas dquot_6.6.0
[    0.590699] VFS: Dquot-cache hash table entries: 1024 (order 0, 4096 bytes)
[    0.592143] NFS: Registering the id_resolver key type
[    0.592420] Key type id_resolver registered
[    0.592430] Key type id_legacy registered
[    0.592546] jffs2: version 2.2. (NAND) (SUMMARY)  Â© 2001-2006 Red Hat, Inc.
[    0.596100] bounce: pool size: 64 pages
[    0.596162] io scheduler noop registered
[    0.596179] io scheduler deadline registered
[    0.596211] io scheduler cfq registered (default)
[    0.602615] pinctrl-single 4a003400.pinmux: 282 pins at pa fc003400 size 1128
[    0.608400] Serial: 8250/16550 driver, 4 ports, IRQ sharing enabled
[    0.613127] 48020000.serial: ttyO2 at MMIO 0x48020000 (irq = 296, base_baud = 3000000) is a OMAP UART2
[    1.406397] console [ttyO2] enabled
[    1.435041] brd: module loaded
[    1.452436] loop: module loaded
[    1.457705] ahci 4a140000.sata: SSS flag set, parallel bus scan disabled
[    1.464759] ahci 4a140000.sata: AHCI 0001.0300 32 slots 1 ports 3 Gbps 0x1 impl platform mode
[    1.473681] ahci 4a140000.sata: flags: 64bit ncq sntf stag pm led clo only pmp pio slum part ccc apst
[    1.485927] scsi host0: ahci
[    1.489787] ata1: SATA max UDMA/133 mmio [mem 0x4a140000-0x4a1410ff] port 0x100 irq 313
[    1.498885] mtdoops: mtd device (mtddev=name/number) must be supplied
[    1.509446] usbcore: registered new interface driver smsc95xx
[    1.516039] ehci_hcd: USB 2.0 'Enhanced' Host Controller (EHCI) Driver
[    1.522886] ehci-omap: OMAP-EHCI Host Controller driver
[    1.529489] mousedev: PS/2 mouse device common for all mice
[    1.535335] i2c /dev entries driver
[    1.540133] omap_hsmmc 4809c000.mmc: Got CD GPIO
[    1.574105] vdd_3v3: supplied by regulator-dummy
[    1.612676] ledtrig-cpu: registered to indicate activity on CPUs
[    1.620555] oprofile: using timer interrupt.
[    1.625497] Initializing XFRM netlink socket
[    1.630228] NET: Registered protocol family 10
[    1.636515] sit: IPv6 over IPv4 tunneling driver
[    1.642902] NET: Registered protocol family 17
[    1.647593] NET: Registered protocol family 15
[    1.652483] Key type dns_resolver registered
[    1.656658] mmc0: MAN_BKOPS_EN bit is not set
[    1.660250] mmc0: switch to bus width 2 failed
[    1.665723] mmc0: new high speed MMC card at address 0001
[    1.667520] mmcblk0: mmc0:0001 P1XXXX 3.60 GiB
[    1.668133] mmcblk0boot0: mmc0:0001 P1XXXX partition 1 2.00 MiB
[    1.668740] mmcblk0boot1: mmc0:0001 P1XXXX partition 2 2.00 MiB
[    1.670983]  mmcblk0: p1 p2
[    1.692008] omap_voltage_late_init: Voltage driver support not added
[    1.698679] sr_dev_init: Unable to get voltage domain pointer for VDD core
[    1.705886] sr_dev_init: Unable to get voltage domain pointer for VDD mpu
[    1.713645] Power Management for TI OMAP4+ devices.
[    1.719086] ThumbEE CPU extension supported.
[    1.723595] Registering SWP/SWPB emulation handler
[    1.728620] SmartReflex Class3 initialized
[    1.738833] palmas 0-0058: Irq flag is 0x00000008
[    1.765453] palmas 0-0058: Muxing GPIO 2f, PWM 0, LED 0
[    1.814132] omap_i2c 48070000.i2c: bus 0 rev0.12 at 400 kHz
[    1.821725] omap_i2c 48060000.i2c: bus 2 rev0.12 at 400 kHz
[    1.828130] omap_hsmmc 4809c000.mmc: Got CD GPIO
[    1.852389] ata1: SATA link down (SStatus 0 SControl 300)
[    1.942407] davinci_mdio 48485000.mdio: davinci mdio revision 1.6
[    1.948808] davinci_mdio 48485000.mdio: detected phy mask fffffff9
[    1.961254] libphy: 48485000.mdio: probed
[    1.965483] davinci_mdio 48485000.mdio: phy[1]: device 48485000.mdio:01, driver unknown
[    1.973888] davinci_mdio 48485000.mdio: phy[2]: device 48485000.mdio:02, driver unknown
[    1.983174] cpsw 48484000.ethernet: Detected MACID = 00:0e:99:03:a2:9c
[    1.992109] cpsw 48484000.ethernet: cpsw: Detected MACID = 7c:66:9d:ee:73:51
[    2.001050] hctosys: unable to open rtc device (rtc0)
[    2.006396] sr_init: No PMIC hook to init smartreflex
[    2.011895] sr_init: platform driver register failed for SR
[    2.033999] mmc1: host does not support reading read-only switch, assuming write-enable
[    2.045955] mmc1: new high speed SD card at address e624
[    2.052707] mmcblk1: mmc1:e624 SU02G 1.84 GiB
[    2.065418]  mmcblk1: p1 p2
[    2.066141] net eth0: initializing cpsw version 1.15 (0)
[    2.146375] net eth0: phy found : id is : 0x221622
[    2.159369] IPv6: ADDRCONF(NETDEV_UP): eth0: link is not ready
[    2.165631] net eth1: initializing cpsw version 1.15 (0)
[    2.256094] net eth1: phy found : id is : 0x221622
[    2.266377] IPv6: ADDRCONF(NETDEV_UP): eth1: link is not ready
[    4.149448] cpsw 48484000.ethernet eth0: Link is Up - 100Mbps/Full - flow control rx/tx
[    4.157917] IPv6: ADDRCONF(NETDEV_CHANGE): eth0: link becomes ready
[    4.172370] Sending DHCP requests ., OK
[    4.232368] IP-Config: Got DHCP answer from 128.247.8.4, my address is 128.247.8.207
[    4.247055] IP-Config: Complete:
[    4.250444]      device=eth0, hwaddr=00:0e:99:03:a2:9c, ipaddr=128.247.8.207, mask=255.255.254.0, gw=128.247.8.1
[    4.261126]      host=dhcp-128-247-8-207, domain=am.dhcp.ti.com, nis-domain=(none)
[    4.269079]      bootserver=0.0.0.0, rootserver=128.247.9.166, rootpath=
[    4.275933]      nameserver0=192.0.2.2, nameserver1=192.0.2.3
[    4.283066] ldousb: disabling
[    4.288435] Waiting 1 sec before mounting root device...
[    5.312519] VFS: Mounted root (nfs filesystem) on device 0:15.
[    5.319590] devtmpfs: mounted
[    5.323127] Freeing unused kernel memory: 452K (c08d5000 - c0946000)
INIT: version 2.88 booting
Error opening /dev/fb0: No such file or directory
Starting udev
[    6.170945] udevd[116]: starting version 182
[    6.910794] random: nonblocking pool is initialized
[    9.503983] FAT-fs (mmcblk0p2): Volume was not properly unmounted. Some data may be corrupt. Please run fsck.
[    9.519596] FAT-fs (mmcblk0p1): Volume was not properly unmounted. Some data may be corrupt. Please run fsck.
[    9.532216] EXT4-fs (mmcblk1p2): recovery complete
[    9.537701] EXT4-fs (mmcblk1p2): mounted filesystem with ordered data mode. Opts: (null)
[    9.557241] FAT-fs (mmcblk1p1): Volume was not properly unmounted. Some data may be corrupt. Please run fsck.
depmod: ERROR: could not open directory /lib/modules/4.3.0-rc3-00010-gcecd161224c2: No such file or directory
depmod: WARNING: -e needs -E or -F
depmod: ERROR: could not open directory /lib/modules/4.3.0-rc3-00010-gcecd161224c2: No such file or directory
depmod: FATAL: could not search modules: No such file or directory
Starting Bootlog daemon: bootlogd: cannot allocate pseudo tty: No such file or directory
bootlogd.
Populating dev cache
ALSA: Restoring mixer settings...
/usr/sbin/alsactl: load_state:1729: No soundcards found...
hwclock: can't open '/dev/misc/rtc': No such file or directory
Mon Sep 21 16:00:00 UTC 2015
hwclock: can't open '/dev/misc/rtc': No such file or directory
INIT: Entering runlevel: 5
NOT configuring network interfaces: / is an NFS mount
Starting system message bus: dbus.
UIM SYSFS Node Not Found
Starting Dropbear SSH server: dropbear.
Starting telnet daemon.
Starting rpcbind daemon...done.
creating NFS state directory: done
starting statd: done
hwclock: can't open '/dev/misc/rtc': No such file or directory
Starting syslogd/klogd: done
Starting thttpd.
Starting Lighttpd Web Server: lighttpd.
2015-09-21 16:00:03: (/home/jenkins/tisdk-build-am57x/build-CORTEX_1/arago-tmp-external-linaro-toolchain/work/cortexa15t2hf-vfp-neon-linux-gnueabi/lighttpd/1.4.33-r1/light
tpd-1.4.33/src/log.c.166) server started
/
Starting Matrix GUI application.
Enabling thermal zones...
/etc/rc5.d/S98thermal-zone-init: line 7: /sys/class/thermal/thermal_zone*/mode: No such file or directory
***************************************************************
***************************************************************
NOTICE: This file system contains the followin GPLv3 packages:
        autoconf
        binutils
        cpp-symlinks
        cpp
        g++-symlinks
        g++
        gcc-symlinks
        gcc
        gdbserver
        libgmp10
        libmpc3
        libmpfr4
        make
        parted

If you do not wish to distribute GPLv3 components please remove
the above packages prior to distribution.  This can be done using
the opkg remove command.  i.e.:
    opkg remove <package>
Where <package> is the name printed in the list above

NOTE: If the package is a dependency of another package you
      will be notified of the dependent packages.  You should
      use the --force-removal-of-dependent-packages option to
      also remove the dependent packages as well
***************************************************************
***************************************************************
Stopping Bootlog daemon: bootlogd.

 _____                    _____           _         _
|  _  |___ ___ ___ ___   |  _  |___ ___  |_|___ ___| |_
|     |  _| .'| . | . |  |   __|  _| . | | | -_|  _|  _|
|__|__|_| |__,|_  |___|  |__|  |_| |___|_| |___|___|_|
              |___|                    |___|

Arago Project http://arago-project.org am57xx-evm /dev/ttyO2

Arago 2015.03 am57xx-evm /dev/ttyO2

am57xx-evm login: root
root@am57xx-evm:~#
root@am57xx-evm:~# cat /proc/version
Linux version 4.3.0-rc3-00010-gcecd161224c2 (suman@Irmo) (gcc version 4.9.3 20150413 (prerelease) (Linaro GCC 4.9-2015.05) ) #56 SMP Fri Oct 2 16:28:57 CDT 2015
root@am57xx-evm:~#
root@am57xx-evm:~# ls -l /sys/bus/soc/devices/soc0/*
-r--r--r--    1 root     root          4096 Sep 21 16:00 /sys/bus/soc/devices/soc0/family
-r--r--r--    1 root     root          4096 Sep 21 16:00 /sys/bus/soc/devices/soc0/machine
-r--r--r--    1 root     root          4096 Sep 21 16:00 /sys/bus/soc/devices/soc0/revision
lrwxrwxrwx    1 root     root             0 Jan  1  1970 /sys/bus/soc/devices/soc0/subsystem -> ../../bus/soc
-r--r--r--    1 root     root          4096 Sep 21 16:00 /sys/bus/soc/devices/soc0/type
-rw-r--r--    1 root     root          4096 Jan  1  1970 /sys/bus/soc/devices/soc0/uevent

/sys/bus/soc/devices/soc0/power:
-rw-r--r--    1 root     root          4096 Sep 21 16:00 autosuspend_delay_ms
-rw-r--r--    1 root     root          4096 Sep 21 16:00 control
-r--r--r--    1 root     root          4096 Sep 21 16:00 runtime_active_time
-r--r--r--    1 root     root          4096 Sep 21 16:00 runtime_status
-r--r--r--    1 root     root          4096 Sep 21 16:00 runtime_suspended_time
root@am57xx-evm:~#
root@am57xx-evm:~# cat /sys/bus/soc/devices/soc0/*
DRA7
DRA752
cat: read error: Is a directory
ES1.1
cat: read error: Is a directory
GP
root@am57xx-evm:~#
root@am57xx-evm:~#
root@am57xx-evm:~# dmesg | grep mmu
root@am57xx-evm:~#
root@am57xx-evm:~# ls -l /sys/bus/platform/devices/ | grep mmu
root@am57xx-evm:~#
root@am57xx-evm:~# ls -l /sys/bus/platform/drivers/
ARM-CCI/            omap-dma-engine/    pwmss/
ARM-CCI PMU/        omap-elm/           reg-dummy/
ahci/               omap-gpmc/          reg-fixed-voltage/
alarmtimer/         omap-ocp2scp/       serial8250/
am335x-control-usb/ omap2-nand/         smc91x/
am335x-phy-driver/  omap2-onenand/      smsc911x/
armv6-pmu/          omap2_mcspi/        sram/
armv7-pmu/          omap_dma_system/    syscon/
cpsw/               omap_gpio/          ti-dma-crossbar/
cpsw-phy-sel/       omap_hsmmc/         ti-pipe3/
davinci_emac/       omap_i2c/           ti_abb/
davinci_mdio/       omap_l3_noc/        tps6507x-pmic/
dm9000/             omap_l3_smx/        tps65217-pmic/
dra7-atl/           omap_timer/         tps65218-pmic/
edma-dma-engine/    omap_uart/          tps65910-pmic/
ehci-omap/          palmas-gpio/        twl4030-audio/
ks8851_mll/         palmas-pmic/        twl4030_gpio/
mmci-omap/          pbias-regulator/    twl4030_power/
of-flash/           physmap-flash/      twl_reg/
of_serial/          pinctrl-single/     usb_phy_generic/
omap-control-phy/   platform-lcd/       usbhs_tll/
root@am57xx-evm:~# ls -l /proc/device-tree/ocp/ | grep mmu
root@am57xx-evm:~#
root@am57xx-evm:~#
root@am57xx-evm:~# ls -l /sys/bus/platform/drivers/omap
omap-control-phy/ omap-ocp2scp/     omap_dma_system/  omap_l3_noc/
omap-dma-engine/  omap2-nand/       omap_gpio/        omap_l3_smx/
omap-elm/         omap2-onenand/    omap_hsmmc/       omap_timer/
omap-gpmc/        omap2_mcspi/      omap_i2c/         omap_uart/
root@am57xx-evm:~#
