
root@beagle-xm:/rpmsg# 
U-Boot SPL 2015.07 (Jul 20 2015 - 15:13:46)
SPL: Please implement spl_start_uboot() for your board
SPL: Direct Linux boot not active!
reading u-boot.img
reading u-boot.img


U-Boot 2015.07 (Jul 20 2015 - 15:13:46 -0500)

OMAP36XX/37XX-GP ES1.2, CPU-OPP2, L3-200MHz, Max CPU Clock 1 Ghz
OMAP3 Beagle board + LPDDR/NAND
I2C:   ready
DRAM:  512 MiB
NAND:  0 MiB
MMC:   OMAP SD/MMC: 0
*** Warning - readenv() failed, using default environment

Beagle xM Rev C
No EEPROM on expansion board
Die ID #124400029ff8000001578ca01001c005
Net:   usb_ether
Error: usb_ether address not set.

Hit any key to stop autoboot:  1  0 
switch to partitions #0, OK
mmc0 is current device
gpio: pin 173 (gpio 173) value is 0
gpio: pin 4 (gpio 4) value is 0
SD/MMC found on device 0
reading uEnv.txt
1079 bytes read in 20 ms (51.8 KiB/s)
Loaded environment from uEnv.txt
Importing environment from mmc ...
Running uenvcmd ...
arch=arm
baudrate=115200
beaglerev=xMC
board=beagle
board_name=beagle
bootargs=console=ttyO2,115200n8 root=/dev/mmcblk0p2 rw rootfstype=ext4 rootwait earlyprintk
bootcmd=printenv;echo "NOTE: booting from MMC filesystem";sleep 1;run fatloadzimage; sleep 1; run loaddtb; echo "st
arting.."; sleep 1; run bootwdtb
bootdelay=1
bootdir=/boot
bootenv=uEnv.txt
bootfile=uImage
bootpart=0:2
bootscript=echo Running bootscript from mmc${mmcdev} ...; source ${loadaddr}
bootwdtb=bootz ${loadaddr} - ${fdtbaddr}
bootwnodtb=bootm ${loadaddr}
buddy=none
camera=none
console=ttyO2,115200n8
cpu=armv7
defaultdisplay=dvi
dieid#=124400029ff8000001578ca01001c005
dvimode=640x480MR-16@60
ethact=usb_ether
fatloaduimage=fatload mmc 0:1 ${loadaddr} uImage
fatloadzimage=fatload mmc 0:1 ${loadaddr} zImage
fdt_high=0xffffffff
fdtaddr=0x80f80000
fdtbaddr=0x88000000
fdtfile=omap3-beagle-xm.dtb
filesize=437
findfdt=if test $beaglerev = AxBx; then setenv fdtfile omap3-beagle.dtb; fi; if test $beaglerev = Cx; then setenv f
dtfile omap3-beagle.dtb; fi; if test $beaglerev = C4; then setenv fdtfile omap3-beagle.dtb; fi; if test $beaglerev 
= xMAB; then setenv fdtfile omap3-beagle-xm-ab.dtb; fi; if test $beaglerev = xMC; then setenv fdtfile omap3-beagle-
xm.dtb; fi; if test $fdtfile = undefined; then echo WARNING: Could not determine device tree to use; fi; 
importbootenv=echo Importing environment from mmc ...; env import -t -r $loadaddr $filesize
loadaddr=0x80200000
loadbootenv=fatload mmc ${mmcdev} ${loadaddr} ${bootenv}
loadbootscript=load mmc ${mmcdev} ${loadaddr} boot.scr
loaddtb=fatload mmc 0:1 ${fdtbaddr} omap3-beagle-xm.dtb; fdt addr ${fdtbaddr}; fdt resize
loadfdt=run validatefdt; load mmc ${bootpart} ${fdtaddr} ${bootdir}/${fdtfile}
loadimage=load mmc ${bootpart} ${loadaddr} ${bootdir}/${bootfile}
loadramdisk=load mmc ${bootpart} ${rdaddr} ${bootdir}/${ramdisk}
mmcargs=setenv bootargs console=${console} ${optargs} mpurate=${mpurate} buddy=${buddy} camera=${camera} vram=${vra
m} omapfb.mode=dvi:${dvimode} omapdss.def_disp=${defaultdisplay} root=${mmcroot} rootfstype=${mmcrootfstype}
mmcboot=echo Booting from mmc ...; run mmcargs; bootm ${loadaddr}
mmcbootz=echo Booting with DT from mmc${mmcdev} ...; run mmcargs; bootz ${loadaddr} - ${fdtaddr}
mmcdev=0
mmcroot=/dev/mmcblk0p2 rw
mmcrootfstype=ext3 rootwait
mpurate=auto
nandargs=setenv bootargs console=${console} ${optargs} mpurate=${mpurate} buddy=${buddy} camera=${camera} vram=${vr
am} omapfb.mode=dvi:${dvimode} omapdss.def_disp=${defaultdisplay} root=${nandroot} rootfstype=${nandrootfstype}
nandboot=echo Booting from nand ...; run nandargs; nand read ${loadaddr} 280000 400000; bootm ${loadaddr}
nandroot=ubi0:rootfs ubi.mtd=4
nandrootfstype=ubifs
ramargs=setenv bootargs console=${console} ${optargs} mpurate=${mpurate} buddy=${buddy} vram=${vram} omapfb.mode=dv
i:${dvimode} omapdss.def_disp=${defaultdisplay} root=${ramroot} rootfstype=${ramrootfstype}
ramboot=echo Booting from ramdisk ...; run ramargs; bootm ${loadaddr}
ramdisk=ramdisk.gz
ramroot=/dev/ram0 rw ramdisk_size=65536 initrd=0x81000000,64M
ramrootfstype=ext2
rdaddr=0x81000000
soc=omap3
stderr=serial_omap
stdin=serial_omap
stdout=serial_omap
uenvcmd=boot
usbethaddr=02:05:a0:00:02:00
usbtty=cdc_acm
userbutton=if gpio input 173; then run userbutton_xm; else run userbutton_nonxm; fi;
userbutton_nonxm=gpio input 7;
userbutton_xm=gpio input 4;
validatefdt=if test $beaglerev = xMAB; then if test ! -e mmc ${bootpart} ${bootdir}/${fdtfile}; then setenv fdtfile
 omap3-beagle-xm.dtb; fi; fi; 
vendor=ti
ver=U-Boot 2015.07 (Jul 20 2015 - 15:13:46 -0500)
vram=12M

Environment size: 3724/131068 bytes
NOTE: booting from MMC filesystem
reading zImage
3669776 bytes read in 269 ms (13 MiB/s)
reading omap3-beagle-xm.dtb
63320 bytes read in 21 ms (2.9 MiB/s)
starting..
Kernel image @ 0x80200000 [ 0x000000 - 0x37ff10 ]
## Flattened Device Tree blob at 88000000
   Booting using the fdt blob at 0x88000000
   reserving fdt memory region: addr=88000000 size=10000
   Using Device Tree in place at 88000000, end 88012fff

Starting kernel ...

[    0.000000] Booting Linux on physical CPU 0x0
[    0.000000] Initializing cgroup subsys cpuset
[    0.000000] Initializing cgroup subsys cpu
[    0.000000] Initializing cgroup subsys cpuacct
[    0.000000] Linux version 4.3.0-rc3-00008-gbc0b61985337 (suman@Irmo) (gcc version 4.9.3 20150413 (prerelease) (L
inaro GCC 4.9-2015.05) ) #55 SMP Fri Oct 2 16:03:48 CDT 2015
[    0.000000] CPU: ARMv7 Processor [413fc082] revision 2 (ARMv7), cr=10c5387d
[    0.000000] CPU: PIPT / VIPT nonaliasing data cache, VIPT aliasing instruction cache
[    0.000000] Machine model: TI OMAP3 BeagleBoard xM
[    0.000000] cma: Reserved 16 MiB at 0x9e800000
[    0.000000] Memory policy: Data cache writeback
[    0.000000] CPU: All CPU(s) started in SVC mode.
[    0.000000] OMAP3630 ES1.2 (l2cache iva sgx neon isp 192mhz_clk )
[    0.000000] PERCPU: Embedded 14 pages/cpu @df8f5000 s25088 r8192 d24064 u57344
[    0.000000] Built 1 zonelists in Zone order, mobility grouping on.  Total pages: 129408
[    0.000000] Kernel command line: console=ttyO2,115200n8 root=/dev/mmcblk0p2 rw rootfstype=ext4 rootwait earlypri
ntk
[    0.000000] PID hash table entries: 2048 (order: 1, 8192 bytes)
[    0.000000] Dentry cache hash table entries: 65536 (order: 6, 262144 bytes)
[    0.000000] Inode-cache hash table entries: 32768 (order: 5, 131072 bytes)
[    0.000000] Memory: 481732K/522240K available (6723K kernel code, 750K rwdata, 2288K rodata, 452K init, 8265K bs
s, 24124K reserved, 16384K cma-reserved, 0K highmem)
[    0.000000] Virtual kernel memory layout:
[    0.000000]     vector  : 0xffff0000 - 0xffff1000   (   4 kB)
[    0.000000]     fixmap  : 0xffc00000 - 0xfff00000   (3072 kB)
[    0.000000]     vmalloc : 0xe0800000 - 0xff000000   ( 488 MB)
[    0.000000]     lowmem  : 0xc0000000 - 0xe0000000   ( 512 MB)
[    0.000000]     pkmap   : 0xbfe00000 - 0xc0000000   (   2 MB)
[    0.000000]     modules : 0xbf000000 - 0xbfe00000   (  14 MB)
[    0.000000]       .text : 0xc0008000 - 0xc08d4ebc   (9012 kB)
[    0.000000]       .init : 0xc08d5000 - 0xc0946000   ( 452 kB)
[    0.000000]       .data : 0xc0946000 - 0xc0a01b60   ( 751 kB)
[    0.000000]        .bss : 0xc0a04000 - 0xc12164f8   (8266 kB)
[    0.000000] Running RCU self tests
[    0.000000] Hierarchical RCU implementation.
[    0.000000] 	RCU lockdep checking is enabled.
[    0.000000] 	Build-time adjustment of leaf fanout to 32.
[    0.000000] 	RCU restricting CPUs from NR_CPUS=2 to nr_cpu_ids=1.
[    0.000000] RCU: Adjusting geometry for rcu_fanout_leaf=32, nr_cpu_ids=1
[    0.000000] NR_IRQS:16 nr_irqs:16 16
[    0.000000] IRQ: Found an INTC at 0xfa200000 (revision 4.0) with 96 interrupts
[    0.000000] Clocking rate (Crystal/Core/MPU): 26.0/400/600 MHz
[    0.000000] OMAP clockevent source: timer1 at 32768 Hz
[    0.000000] clocksource: 32k_counter: mask: 0xffffffff max_cycles: 0xffffffff, max_idle_ns: 58327039986419 ns
[    0.000030] sched_clock: 32 bits at 32kHz, resolution 30517ns, wraps every 65535999984741ns
[    0.000030] OMAP clocksource: 32k_counter at 32768 Hz
[    0.001281] Console: colour dummy device 80x30
[    0.001373] Lock dependency validator: Copyright (c) 2006 Red Hat, Inc., Ingo Molnar
[    0.001373] ... MAX_LOCKDEP_SUBCLASSES:  8
[    0.001403] ... MAX_LOCK_DEPTH:          48
[    0.001403] ... MAX_LOCKDEP_KEYS:        8191
[    0.001434] ... CLASSHASH_SIZE:          4096
[    0.001434] ... MAX_LOCKDEP_ENTRIES:     32768
[    0.001434] ... MAX_LOCKDEP_CHAINS:      65536
[    0.001464] ... CHAINHASH_SIZE:          32768
[    0.001464]  memory used by lock dependency info: 5167 kB
[    0.001495]  per task-struct memory footprint: 1536 bytes
[    0.001525] Calibrating delay loop... 594.73 BogoMIPS (lpj=2973696)
[    0.107269] pid_max: default: 32768 minimum: 301
[    0.107818] Security Framework initialized
[    0.108032] Mount-cache hash table entries: 1024 (order: 0, 4096 bytes)
[    0.108062] Mountpoint-cache hash table entries: 1024 (order: 0, 4096 bytes)
[    0.112518] Initializing cgroup subsys io
[    0.112701] Initializing cgroup subsys memory
[    0.112823] Initializing cgroup subsys devices
[    0.112945] Initializing cgroup subsys freezer
[    0.113159] Initializing cgroup subsys perf_event
[    0.113250] CPU: Testing write buffer coherency: ok
[    0.115264] CPU0: thread -1, cpu 0, socket -1, mpidr 0
[    0.115417] Setting up static identity map for 0x80008280 - 0x800082f0
[    0.121856] Brought up 1 CPUs
[    0.121917] SMP: Total of 1 processors activated (594.73 BogoMIPS).
[    0.121917] CPU: All CPU(s) started in SVC mode.
[    0.127990] devtmpfs: initialized
[    0.246398] VFP support v0.3: implementor 41 architecture 3 part 30 variant c rev 3
[    0.336639] omap_hwmod: mcbsp2_sidetone using broken dt data from mcbsp
[    0.339294] omap_hwmod: mcbsp3_sidetone using broken dt data from mcbsp
[    0.470001] clocksource: jiffies: mask: 0xffffffff max_cycles: 0xffffffff, max_idle_ns: 19112604462750000 ns
[    0.473083] pinctrl core: initialized pinctrl subsystem
[    0.481018] NET: Registered protocol family 16
[    0.490112] DMA: preallocated 256 KiB pool for atomic coherent allocations
[    0.493286] cpuidle: using governor ladder
[    0.493347] cpuidle: using governor menu
[    0.494232] Reprogramming SDRC clock to 400000000 Hz
[    0.508422] omap_gpio 48310000.gpio: could not find pctldev for node /ocp/l4@48000000/scm@2000/pinmux@a00/pinmux
_gpio1_pins, deferring probe
[    0.512603] OMAP GPIO hardware version 2.5
[    0.527313] irq: no irq domain found for /ocp/l4@48000000/scm@2000/pinmux@30 !
[    0.554962] omap-gpmc 6e000000.gpmc: GPMC revision 5.0
[    0.555267] gpmc_mem_init: disabling cs 0 mapped at 0x0-0x1000000
[    0.558502] platform 48058000.ssi-controller: Cannot lookup hwmod 'ssi'
[    0.571777] No ATAGs?
[    0.571838] hw-breakpoint: debug architecture 0x4 unsupported.
[    0.574737] omap4_sram_init:Unable to allocate sram needed to handle errata I688
[    0.574768] omap4_sram_init:Unable to get sram pool needed to handle errata I688
[    0.576934] OMAP DMA hardware revision 5.0
[    0.633300] omap-dma-engine 48056000.dma-controller: OMAP DMA engine driver
[    0.642791] omap-iommu 480bd400.mmu: 480bd400.mmu registered
[    0.644531] SCSI subsystem initialized
[    0.646850] usbcore: registered new interface driver usbfs
[    0.647125] usbcore: registered new interface driver hub
[    0.647369] usbcore: registered new device driver usb
[    0.653045] omap_i2c 48070000.i2c: bus 0 rev4.4 at 2600 kHz
[    0.655059] omap_i2c 48072000.i2c: bus 1 rev4.4 at 400 kHz
[    0.656921] omap_i2c 48060000.i2c: bus 2 rev4.4 at 100 kHz
[    0.657623] pps_core: LinuxPPS API ver. 1 registered
[    0.657653] pps_core: Software ver. 5.3.6 - Copyright 2005-2007 Rodolfo Giometti <giometti@linux.it>
[    0.657745] PTP clock support registered
[    0.664123] clocksource: Switched to clocksource 32k_counter
[    0.894348] NET: Registered protocol family 2
[    0.897094] TCP established hash table entries: 4096 (order: 2, 16384 bytes)
[    0.897247] TCP bind hash table entries: 4096 (order: 5, 147456 bytes)
[    0.899230] TCP: Hash tables configured (established 4096 bind 4096)
[    0.899536] UDP hash table entries: 256 (order: 2, 20480 bytes)
[    0.899810] UDP-Lite hash table entries: 256 (order: 2, 20480 bytes)
[    0.901214] NET: Registered protocol family 1
[    0.903656] RPC: Registered named UNIX socket transport module.
[    0.903686] RPC: Registered udp transport module.
[    0.903717] RPC: Registered tcp transport module.
[    0.903717] RPC: Registered tcp NFSv4.1 backchannel transport module.
[    0.910583] hw perfevents: enabled with armv7_cortex_a8 PMU driver, 5 counters available
[    0.919433] futex hash table entries: 256 (order: 2, 16384 bytes)
[    0.919769] audit: initializing netlink subsys (disabled)
[    0.920104] audit: type=2000 audit(0.900:1): initialized
[    0.926818] VFS: Disk quotas dquot_6.6.0
[    0.927246] VFS: Dquot-cache hash table entries: 1024 (order 0, 4096 bytes)
[    0.930816] NFS: Registering the id_resolver key type
[    0.931427] Key type id_resolver registered
[    0.931427] Key type id_legacy registered
[    0.931701] jffs2: version 2.2. (NAND) (SUMMARY)  © 2001-2006 Red Hat, Inc.
[    0.940399] io scheduler noop registered
[    0.940460] io scheduler deadline registered
[    0.940521] io scheduler cfq registered (default)
[    0.944702] pinctrl-single 48002030.pinmux: 284 pins at pa fa002030 size 568
[    0.945495] pinctrl-single 48002a00.pinmux: 46 pins at pa fa002a00 size 92
[    0.946990] pinctrl-single 480025a0.pinmux: 46 pins at pa fa0025a0 size 92
[    0.955047] Serial: 8250/16550 driver, 4 ports, IRQ sharing enabled
[    0.964904] omap_uart 4806a000.serial: no wakeirq for uart0
[    0.965515] 4806a000.serial: ttyO0 at MMIO 0x4806a000 (irq = 88, base_baud = 3000000) is a OMAP UART0
[    0.968322] omap_uart 4806c000.serial: no wakeirq for uart1
[    0.968872] 4806c000.serial: ttyO1 at MMIO 0x4806c000 (irq = 89, base_baud = 3000000) is a OMAP UART1
[    0.971466] 49020000.serial: ttyO2 at MMIO 0x49020000 (irq = 90, base_baud = 3000000) is a OMAP UART2
[    1.826477] console [ttyO2] enabled
[    1.833068] omap_uart 49042000.serial: no wakeirq for uart3
[    1.839538] 49042000.serial: ttyO3 at MMIO 0x49042000 (irq = 96, base_baud = 3000000) is a OMAP UART3
[    1.905364] brd: module loaded
[    1.941162] loop: module loaded
[    1.972198] twl 0-0048: PIH (irq 23) chaining IRQs 307..315
[    1.978698] twl 0-0048: power (irq 312) chaining IRQs 315..322
[    2.052215] twl4030_gpio twl4030-gpio: gpio (irq 307) chaining IRQs 323..340
[    2.138183] mtdoops: mtd device (mtddev=name/number) must be supplied
[    2.161224] usbcore: registered new interface driver smsc95xx
[    2.168945] ehci_hcd: USB 2.0 'Enhanced' Host Controller (EHCI) Driver
[    2.175933] ehci-omap: OMAP-EHCI Host Controller driver
[    2.182739] ehci-omap 48064800.ehci: Can't get PHY device for port 1: -517
[    2.193206] mousedev: PS/2 mouse device common for all mice
[    2.199249] i2c /dev entries driver
[    2.255187] ledtrig-cpu: registered to indicate activity on CPUs
[    2.263854] oprofile: using arm/armv7
[    2.268920] Initializing XFRM netlink socket
[    2.274261] NET: Registered protocol family 10
[    2.284698] sit: IPv6 over IPv4 tunneling driver
[    2.293060] NET: Registered protocol family 17
[    2.297973] NET: Registered protocol family 15
[    2.303222] Key type dns_resolver registered
[    2.308166] omap2_set_init_voltage: unable to find boot up OPP for vdd_mpu_iva
[    2.315856] omap2_set_init_voltage: unable to set vdd_mpu_iva
[    2.321960] omap2_set_init_voltage: unable to find boot up OPP for vdd_core
[    2.329345] omap2_set_init_voltage: unable to set vdd_core
[    2.340698] ThumbEE CPU extension supported.
[    2.345397] Registering SWP/SWPB emulation handler
[    2.350463] SmartReflex Class3 initialized
[    2.474304] ehci-omap 48064800.ehci: EHCI Host Controller
[    2.481109] ehci-omap 48064800.ehci: new USB bus registered, assigned bus number 1
[    2.490814] ehci-omap 48064800.ehci: irq 93, io mem 0x48064800
[    2.514160] ehci-omap 48064800.ehci: USB 2.0 started, EHCI 1.00
[    2.522888] usb usb1: New USB device found, idVendor=1d6b, idProduct=0002
[    2.530151] usb usb1: New USB device strings: Mfr=3, Product=2, SerialNumber=1
[    2.537841] usb usb1: Product: EHCI Host Controller
[    2.542999] usb usb1: Manufacturer: Linux 4.3.0-rc3-00008-gbc0b61985337 ehci_hcd
[    2.550842] usb usb1: SerialNumber: 48064800.ehci
[    2.562133] hub 1-0:1.0: USB hub found
[    2.566711] hub 1-0:1.0: 3 ports detected
[    2.581390] hctosys: unable to open rtc device (rtc0)
[    2.586914] sr_init: No PMIC hook to init smartreflex
[    2.592864] smartreflex smartreflex.0: omap_sr_probe: SmartReflex driver initialized
[    2.602142] smartreflex smartreflex.1: omap_sr_probe: SmartReflex driver initialized
[    2.702209] VAUX3: disabling
[    2.706542] VDAC: disabling
[    2.711242] VUSB3V1: disabling
[    2.715576] VPLL2: disabling
[    2.724792] Waiting for root device /dev/mmcblk0p2...
[    2.747558] mmc0: host does not support reading read-only switch, assuming write-enable
[    2.758575] mmc0: new high speed SDHC card at address 1234
[    2.768829] mmcblk0: mmc0:1234 SA04G 3.70 GiB 
[    2.781463]  mmcblk0: p1 p2
[    2.866302] EXT4-fs (mmcblk0p2): warning: mounting fs with errors, running e2fsck is recommended
[    2.914550] usb 1-2: new high-speed USB device number 2 using ehci-omap
[    3.065673] usb 1-2: New USB device found, idVendor=0424, idProduct=9514
[    3.072814] usb 1-2: New USB device strings: Mfr=0, Product=0, SerialNumber=0
[    3.084747] hub 1-2:1.0: USB hub found
[    3.089141] hub 1-2:1.0: 5 ports detected
[    3.237854] EXT4-fs (mmcblk0p2): mounted filesystem with ordered data mode. Opts: (null)
[    3.246765] VFS: Mounted root (ext4 filesystem) on device 179:2.
[    3.270477] devtmpfs: mounted
[    3.274871] Freeing unused kernel memory: 452K (c08d5000 - c0946000)
[    3.374206] usb 1-2.1: new high-speed USB device number 3 using ehci-omap
[    3.505706] usb 1-2.1: New USB device found, idVendor=0424, idProduct=ec00
[    3.513092] usb 1-2.1: New USB device strings: Mfr=0, Product=0, SerialNumber=0
[    3.528808] smsc95xx v1.0.4
INIT: version 2.86 booting
[    3.646423] smsc95xx 1-2.1:1.0 eth0: register 'smsc95xx' at usb-48064800.ehci-2.1, smsc95xx USB 2.0 Ethernet, 7a
:65:33:bd:8e:bd
Please wait: booting...
Starting udev
WARNING: -e needs -E or -F
[    4.675018] udevd (104): /proc/104/oom_adj is deprecated, please use /proc/104/oom_score_adj instead.
[   15.846984] FAT-fs (mmcblk0p1): Volume was not properly unmounted. Some data may be corrupt. Please run fsck.
[   15.974822] alignment: ignoring faults is unsafe on this CPU.  Defaulting to fixup mode.
Remounting root file system...
[   16.143310] EXT4-fs (mmcblk0p2): re-mounted. Opts: (null)
Caching udev devnodes
Populating dev cache[   16.352264] EXT4-fs error (device mmcblk0p2): ext4_mb_generate_buddy:758: group 1, block bit
map and bg descriptor inconsistent: 3227 vs 3225 free clusters
[   16.389343] JBD2: Spotted dirty metadata buffer (dev = mmcblk0p2, blocknr = 0). There's a risk of filesystem cor
ruption in case of system crash.

logger: mount: mount point /proc/bus/usb does not exist
ALSA: Restoring mixer settings...
/usr/sbin/alsactl: load_state:1625: No soundcards found...
Configuring network interfaces... [   18.355041] smsc95xx 1-2.1:1.0 eth0: hardware isn't capable of remote wakeup
[   18.363250] IPv6: ADDRCONF(NETDEV_UP): eth0: link is not ready
udhcpc (v1.13.2) started
run-parts: /etc/udhcpc.d/00avahi-autoipd exited with code 1
Sending discover...
[   19.791992] IPv6: ADDRCONF(NETDEV_CHANGE): eth0: link becomes ready
[   19.802642] smsc95xx 1-2.1:1.0 eth0: link up, 100Mbps, full-duplex, lpa 0x45E1
Sending discover...
Sending select for 128.247.9.155...
Lease of 128.247.9.155 obtained, lease time 3600
run-parts: /etc/udhcpc.d/00avahi-autoipd exited with code 1
adding dns 192.0.2.2
adding dns 192.0.2.3
done.
Starting portmap daemon: portmap.
net.ipv4.conf.default.rp_filter = 1
net.ipv4.conf.all.rp_filter = 1
hwclock: can't open '/dev/misc/rtc': No such file or directory
Tue Jun 19 22:23:00 UTC 2012
hwclock: can't open '/dev/misc/rtc': No such file or directory
[   23.204742] random: nonblocking pool is initialized
INIT: Entering runlevel: 5
Starting system message bus: dbus.
Starting Dropbear SSH server: dropbear.
Starting advanced power management daemon: No APM support in kernel
(failed.)
Starting syslogd/klogd: done
 * Starting Avahi mDNS/DNS-SD Daemon: avahi-daemon
   ...done.

.-------.                                           
|       |                  .-.                      
|   |   |-----.-----.-----.| |   .----..-----.-----.
|       |     | __  |  ---'| '--.|  .-'|     |     |
|   |   |  |  |     |---  ||  --'|  |  |  '  | | | |
'---'---'--'--'--.  |-----''----''--'  '-----'-'-'-'
                -'  |
                '---'

The Angstrom Distribution beagle-xm ttyO2

Angstrom 2010.7-test-20110220 beagle-xm ttyO2

beagle-xm login: root
root@beagle-xm:~# 
root@beagle-xm:~# cat /proroot@beagle-xm:~# cat /proc/verroot@beagle-xm:~# cat /proc/version 
Linux version 4.3.0-rc3-00008-gbc0b61985337 (suman@Irmo) (gcc version 4.9.3 20150413 (prerelease) (Linaro GCC 4.9-2
015.05) ) #55 SMP Fri Oct 2 16:03:48 CDT 2015
root@beagle-xm:~# 
root@beagle-xm:~# dmesg | grep mmu
[    0.642791] omap-iommu 480bd400.mmu: 480bd400.mmu registered
root@beagle-xm:~# 
root@beagle-xm:~# ls -l /sysroot@beagle-xm:~# ls -l /sys/buroot@beagle-xm:~# ls -l /sys/bus/plroot@beagle-xm:~# ls -l /sys/bus/platform/deviroot@beagle-xm:~# ls -l /sys/bus/platform/devices/ | grep mmu
lrwxrwxrwx    1 root     root            0 Jan  1  1970 480bd400.mmu -> ../../../devices/platform/68000000.ocp/480b
d400.mmu
lrwxrwxrwx    1 root     root            0 Jan  1  1970 iommu_test -> ../../../devices/platform/iommu_test
root@beagle-xm:~# 
root@beagle-xm:~# ls -l /sysroot@beagle-xm:~# ls -l /sys/byp  uroot@beagle-xm:~# ls -l /sys/bus/plroot@beagle-xm:~# ls -l /sys/bus/platform/driroot@beagle-xm:~# ls -l /sys/bus/platform/driverso /omroot@beagle-xm:~# ls -l /sys/bus/platform/drivers/omap_iom   root@beagle-xm:~# ls -l /sys/bus/platform/drivers/omap_
/sys/bus/platform/drivers/omap_dma_system/
/sys/bus/platform/drivers/omap_gpio/
/sys/bus/platform/drivers/omap_hsmmc/
/sys/bus/platform/drivers/omap_i2c/
/sys/bus/platform/drivers/omap_l3_noc/
/sys/bus/platform/drivers/omap_l3_smx/
/sys/bus/platform/drivers/omap_timer/
/sys/bus/platform/drivers/omap_uart/
root@beagle-xm:~# ls -l /sys/bus/platform/drivers/omap_ -root@beagle-xm:~# ls -l /sys/bus/platform/drivers/omap-
/sys/bus/platform/drivers/omap-control-phy/
/sys/bus/platform/drivers/omap-dma-engine/
/sys/bus/platform/drivers/omap-elm/
/sys/bus/platform/drivers/omap-gpmc/
/sys/bus/platform/drivers/omap-iommu/
/sys/bus/platform/drivers/omap-ocp2scp/
root@beagle-xm:~# ls -l /sys/bus/platform/drivers/omap-iomroot@beagle-xm:~# ls -l /sys/bus/platform/drivers/omap-iommu/
lrwxrwxrwx    1 root     root            0 Jun 19 22:23 480bd400.mmu -> ../../../../devices/platform/68000000.ocp/4
80bd400.mmu
--w-------    1 root     root         4096 Jun 19 22:23 bind
--w-------    1 root     root         4096 Jun 19 22:23 uevent
--w-------    1 root     root         4096 Jun 19 22:23 unbind
root@beagle-xm:~# 
root@beagle-xm:~# 
root@beagle-xm:~# ls -l /procroot@beagle-xm:~# ls -l /proc/deviroot@beagle-xm:~# ls -l /proc/device-root@beagle-xm:~# ls -l /proc/device-tree/t ocroot@beagle-xm:~# ls -l /proc/device-tree/ocp/ | grep mmu
drwxr-xr-x    2 root     root            0 Jun 19 22:24 mmu@480bd400
drwxr-xr-x    2 root     root            0 Jun 19 22:24 mmu@5d000000
root@beagle-xm:~# 
root@beagle-xm:~# cat /proroot@beagle-xm:~# cat /proc/deviroot@beagle-xm:~# cat /proc/device-trroot@beagle-xm:~# cat /proc/device-tree/ocproot@beagle-xm:~# cat /proc/device-tree/ocp/mmu*/*cat /proc/device-tree/ocp/mmu*/*  /proc/device-tree/ocp/mmu*/*  /proc/device-tree/ocp/mmu*/* l /proc/device-tree/ocp/mmu*/*s /proc/device-tree/ocp/mmu*/*  /proc/device-tree/ocp/mmu*/*- /proc/device-tree/ocp/mmu*/*l /proc/device-tree/ocp/mmu*/* /proc/device-tree/ocp/mmu*/*                                  
root@beagle-xm:~# 
root@beagle-xm:~# 
root@beagle-xm:~# cd /rproot@beagle-xm:~# cd /rpmsg/
root@beagle-xm:/rpmsg# 
root@beagle-xm:/rpmsg# insmod iomroot@beagle-xm:/rpmsg# insmod iommu_dtroot@beagle-xm:/rpmsg# insmod iommu_dt_test.ko count=5
[  137.591644] omap_iommu_test_init: iommu_test_init entered
[  137.597534] omap_iommu_test iommu_test: Enabling IOMMU...
[  137.603302] omap_iommu_test iommu_test: dev->of_node->name: iommu_test dev_name iommu_test
[  137.612121] omap_iommu_test iommu_test: testing IOMMU 480bd400.mmu
[  137.619659] omap-iommu 480bd400.mmu: 480bd400.mmu: version 1.1
[  137.625946] omap_iommu_test iommu_test: Mapping da 0xa0100000, pa 0x95100000, len 0x100000
[  137.635009] omap_iommu_test iommu_test: Mapping da 0xa0200000, pa 0x95200000, len 0x100000
[  137.643768] omap_iommu_test iommu_test: Mapping da 0xa0300000, pa 0x95300000, len 0x100000
[  137.652557] omap_iommu_test iommu_test: Mapping da 0xa0400000, pa 0x95400000, len 0x100000
[  137.661376] omap_iommu_test iommu_test: Mapping da 0xa0500000, pa 0x95500000, len 0x100000
root@beagle-xm:/rpmsg# 
root@beagle-xm:/rpmsg# cat /d/omroot@beagle-xm:/rpmsg# cat /d/omap_iomroot@beagle-xm:/rpmsg# cat /d/omap_iommu/root@beagle-xm:/rpmsg# cat /d/omap_iommu/480bd400.mmu/root@beagle-xm:/rpmsg# cat /d/omap_iommu/480bd400.mmu/
/d/omap_iommu/480bd400.mmu/nr_tlb_entries
/d/omap_iommu/480bd400.mmu/pagetable
/d/omap_iommu/480bd400.mmu/regs
/d/omap_iommu/480bd400.mmu/tlb
root@beagle-xm:/rpmsg# cat /d/omap_iommu/480bd400.mmu/nrroot@beagle-xm:/rpmsg# cat /d/omap_iommu/480bd400.mmu/nr_tlb_entries 
8
root@beagle-xm:/rpmsg# root@beagle-xm:/rpmsg# cat /d/omap_iommu/480bd400.mmu/nr_tlb_entries                paroot@beagle-xm:/rpmsg# cat /d/omap_iommu/480bd400.mmu/pagetable 
L:      da:     pte:
--------------------------
1: 0xa0100000 0x95100002
1: 0xa0200000 0x95200002
1: 0xa0300000 0x95300002
1: 0xa0400000 0x95400002
1: 0xa0500000 0x95500002
root@beagle-xm:/rpmsg# root@beagle-xm:/rpmsg# cat /d/omap_iommu/480bd400.mmu/pagetable           regroot@beagle-xm:/rpmsg# cat /d/omap_iommu/480bd400.mmu/regs 
            REVISION: 00000011
           IRQSTATUS: 00000000
           IRQENABLE: 0000001e
          WALKING_ST: 00000000
                CNTL: 00000006
            FAULT_AD: 00000000
                 TTB: 9d20c000
                LOCK: 00000000
              LD_TLB: 00000000
                 CAM: 00000000
                 RAM: 00000000
              GFLUSH: 00000000
         FLUSH_ENTRY: 00000000
            READ_CAM: 00000000
            READ_RAM: 00000000
        EMU_FAULT_AD: 00000000
root@beagle-xm:/rpmsg# root@beagle-xm:/rpmsg# cat /d/omap_iommu/480bd400.mmu/regs      tlroot@beagle-xm:/rpmsg# cat /d/omap_iommu/480bd400.mmu/tlb 
    cam:     ram:
-----------------------------------------
root@beagle-xm:/rpmsg# 
root@beagle-xm:/rpmsg# rmmod iomroot@beagle-xm:/rpmsg# rmmod iommu_dtroot@beagle-xm:/rpmsg# rmmod iommu_dt_test.ko     
[  176.964324] omap_iommu_test_cleanup: iommu_test_cleanup entered
[  176.970886] omap_iommu_test_cleanup: detached device and freed domain
root@beagle-xm:/rpmsg# 
root@beagle-xm:/rpmsg# root@beagle-xm:/rpmsg# rmmod iommu_dt_testroot@beagle-xm:/rpmsg# cat /d/omap_iommu/480bd400.mmu/tlb     root@beagle-xm:/rpmsg# cat /d/omap_iommu/480bd400.mmu/
/d/omap_iommu/480bd400.mmu/nr_tlb_entries
/d/omap_iommu/480bd400.mmu/pagetable
/d/omap_iommu/480bd400.mmu/regs
/d/omap_iommu/480bd400.mmu/tlb
root@beagle-xm:/rpmsg# cat /d/omap_iommu/480bd400.mmu/*
8
cat: read error: Operation not permitted
cat: read error: Operation not permitted
cat: read error: Operation not permitted
root@beagle-xm:/rpmsg# 
root@beagle-xm:/rpmsg# 
root@beagle-xm:/rpmsg# 
root@beagle-xm:/rpmsg# 
root@beagle-xm:/rpmsg# 
root@beagle-xm:/rpmsg# [  303.844787] EXT4-fs (mmcblk0p2): error count since last fsck: 57
[  303.851165] EXT4-fs (mmcblk0p2): initial error at time 15: ext4_mb_generate_buddy:758
[  303.859436] EXT4-fs (mmcblk0p2): last error at time 16: ext4_mb_generate_buddy:758

root@beagle-xm:/rpmsg# 
root@beagle-xm:/rpmsg# 
U-Boot SPL 2015.07 (Jul 20 2015 - 15:13:46)
SPL: Please implement spl_start_uboot() for your board
SPL: Direct Linux boot not active!
reading u-boot.img
reading u-boot.img


U-Boot 2015.07 (Jul 20 2015 - 15:13:46 -0500)

OMAP36XX/37XX-GP ES1.2, CPU-OPP2, L3-200MHz, Max CPU Clock 1 Ghz
OMAP3 Beagle board + LPDDR/NAND
I2C:   ready
DRAM:  512 MiB
NAND:  0 MiB
MMC:   OMAP SD/MMC: 0
*** Warning - readenv() failed, using default environment

Beagle xM Rev C
No EEPROM on expansion board
Die ID #124400029ff8000001578ca01001c005
Net:   usb_ether
Error: usb_ether address not set.

Hit any key to stop autoboot:  1  0 
switch to partitions #0, OK
mmc0 is current device
gpio: pin 173 (gpio 173) value is 0
gpio: pin 4 (gpio 4) value is 0
SD/MMC found on device 0
reading uEnv.txt
1079 bytes read in 20 ms (51.8 KiB/s)
Loaded environment from uEnv.txt
Importing environment from mmc ...
Running uenvcmd ...
arch=arm
baudrate=115200
beaglerev=xMC
board=beagle
board_name=beagle
bootargs=console=ttyO2,115200n8 root=/dev/mmcblk0p2 rw rootfstype=ext4 rootwait earlyprintk
bootcmd=printenv;echo "NOTE: booting from MMC filesystem";sleep 1;run fatloadzimage; sleep 1; run loaddtb; echo "st
arting.."; sleep 1; run bootwdtb
bootdelay=1
bootdir=/boot
bootenv=uEnv.txt
bootfile=uImage
bootpart=0:2
bootscript=echo Running bootscript from mmc${mmcdev} ...; source ${loadaddr}
bootwdtb=bootz ${loadaddr} - ${fdtbaddr}
bootwnodtb=bootm ${loadaddr}
buddy=none
camera=none
console=ttyO2,115200n8
cpu=armv7
defaultdisplay=dvi
dieid#=124400029ff8000001578ca01001c005
dvimode=640x480MR-16@60
ethact=usb_ether
fatloaduimage=fatload mmc 0:1 ${loadaddr} uImage
fatloadzimage=fatload mmc 0:1 ${loadaddr} zImage
fdt_high=0xffffffff
fdtaddr=0x80f80000
fdtbaddr=0x88000000
fdtfile=omap3-beagle-xm.dtb
filesize=437
findfdt=if test $beaglerev = AxBx; then setenv fdtfile omap3-beagle.dtb; fi; if test $beaglerev = Cx; then setenv f
dtfile omap3-beagle.dtb; fi; if test $beaglerev = C4; then setenv fdtfile omap3-beagle.dtb; fi; if test $beaglerev 
= xMAB; then setenv fdtfile omap3-beagle-xm-ab.dtb; fi; if test $beaglerev = xMC; then setenv fdtfile omap3-beagle-
xm.dtb; fi; if test $fdtfile = undefined; then echo WARNING: Could not determine device tree to use; fi; 
importbootenv=echo Importing environment from mmc ...; env import -t -r $loadaddr $filesize
loadaddr=0x80200000
loadbootenv=fatload mmc ${mmcdev} ${loadaddr} ${bootenv}
loadbootscript=load mmc ${mmcdev} ${loadaddr} boot.scr
loaddtb=fatload mmc 0:1 ${fdtbaddr} omap3-beagle-xm.dtb; fdt addr ${fdtbaddr}; fdt resize
loadfdt=run validatefdt; load mmc ${bootpart} ${fdtaddr} ${bootdir}/${fdtfile}
loadimage=load mmc ${bootpart} ${loadaddr} ${bootdir}/${bootfile}
loadramdisk=load mmc ${bootpart} ${rdaddr} ${bootdir}/${ramdisk}
mmcargs=setenv bootargs console=${console} ${optargs} mpurate=${mpurate} buddy=${buddy} camera=${camera} vram=${vra
m} omapfb.mode=dvi:${dvimode} omapdss.def_disp=${defaultdisplay} root=${mmcroot} rootfstype=${mmcrootfstype}
mmcboot=echo Booting from mmc ...; run mmcargs; bootm ${loadaddr}
mmcbootz=echo Booting with DT from mmc${mmcdev} ...; run mmcargs; bootz ${loadaddr} - ${fdtaddr}
mmcdev=0
mmcroot=/dev/mmcblk0p2 rw
mmcrootfstype=ext3 rootwait
mpurate=auto
nandargs=setenv bootargs console=${console} ${optargs} mpurate=${mpurate} buddy=${buddy} camera=${camera} vram=${vr
am} omapfb.mode=dvi:${dvimode} omapdss.def_disp=${defaultdisplay} root=${nandroot} rootfstype=${nandrootfstype}
nandboot=echo Booting from nand ...; run nandargs; nand read ${loadaddr} 280000 400000; bootm ${loadaddr}
nandroot=ubi0:rootfs ubi.mtd=4
nandrootfstype=ubifs
ramargs=setenv bootargs console=${console} ${optargs} mpurate=${mpurate} buddy=${buddy} vram=${vram} omapfb.mode=dv
i:${dvimode} omapdss.def_disp=${defaultdisplay} root=${ramroot} rootfstype=${ramrootfstype}
ramboot=echo Booting from ramdisk ...; run ramargs; bootm ${loadaddr}
ramdisk=ramdisk.gz
ramroot=/dev/ram0 rw ramdisk_size=65536 initrd=0x81000000,64M
ramrootfstype=ext2
rdaddr=0x81000000
soc=omap3
stderr=serial_omap
stdin=serial_omap
stdout=serial_omap
uenvcmd=boot
usbethaddr=02:05:a0:00:02:00
usbtty=cdc_acm
userbutton=if gpio input 173; then run userbutton_xm; else run userbutton_nonxm; fi;
userbutton_nonxm=gpio input 7;
userbutton_xm=gpio input 4;
validatefdt=if test $beaglerev = xMAB; then if test ! -e mmc ${bootpart} ${bootdir}/${fdtfile}; then setenv fdtfile
 omap3-beagle-xm.dtb; fi; fi; 
vendor=ti
ver=U-Boot 2015.07 (Jul 20 2015 - 15:13:46 -0500)
vram=12M

Environment size: 3724/131068 bytes
NOTE: booting from MMC filesystem
reading zImage
3669336 bytes read in 269 ms (13 MiB/s)
reading omap3-beagle-xm.dtb
63328 bytes read in 25 ms (2.4 MiB/s)
starting..
Kernel image @ 0x80200000 [ 0x000000 - 0x37fd58 ]
## Flattened Device Tree blob at 88000000
   Booting using the fdt blob at 0x88000000
   reserving fdt memory region: addr=88000000 size=10000
   Using Device Tree in place at 88000000, end 88012fff

Starting kernel ...

[    0.000000] Booting Linux on physical CPU 0x0
[    0.000000] Initializing cgroup subsys cpuset
[    0.000000] Initializing cgroup subsys cpu
[    0.000000] Initializing cgroup subsys cpuacct
[    0.000000] Linux version 4.3.0-rc3-00010-gcecd161224c2 (suman@Irmo) (gcc version 4.9.3 20150413 (prerelease) (L
inaro GCC 4.9-2015.05) ) #56 SMP Fri Oct 2 16:28:57 CDT 2015
[    0.000000] CPU: ARMv7 Processor [413fc082] revision 2 (ARMv7), cr=10c5387d
[    0.000000] CPU: PIPT / VIPT nonaliasing data cache, VIPT aliasing instruction cache
[    0.000000] Machine model: TI OMAP3 BeagleBoard xM
[    0.000000] cma: Reserved 16 MiB at 0x9e800000
[    0.000000] Memory policy: Data cache writeback
[    0.000000] CPU: All CPU(s) started in SVC mode.
[    0.000000] OMAP3630 ES1.2 (l2cache iva sgx neon isp 192mhz_clk )
[    0.000000] PERCPU: Embedded 14 pages/cpu @df8f5000 s25088 r8192 d24064 u57344
[    0.000000] Built 1 zonelists in Zone order, mobility grouping on.  Total pages: 129408
[    0.000000] Kernel command line: console=ttyO2,115200n8 root=/dev/mmcblk0p2 rw rootfstype=ext4 rootwait earlypri
ntk
[    0.000000] PID hash table entries: 2048 (order: 1, 8192 bytes)
[    0.000000] Dentry cache hash table entries: 65536 (order: 6, 262144 bytes)
[    0.000000] Inode-cache hash table entries: 32768 (order: 5, 131072 bytes)
[    0.000000] Memory: 481732K/522240K available (6723K kernel code, 750K rwdata, 2288K rodata, 452K init, 8265K bs
s, 24124K reserved, 16384K cma-reserved, 0K highmem)
[    0.000000] Virtual kernel memory layout:
[    0.000000]     vector  : 0xffff0000 - 0xffff1000   (   4 kB)
[    0.000000]     fixmap  : 0xffc00000 - 0xfff00000   (3072 kB)
[    0.000000]     vmalloc : 0xe0800000 - 0xff000000   ( 488 MB)
[    0.000000]     lowmem  : 0xc0000000 - 0xe0000000   ( 512 MB)
[    0.000000]     pkmap   : 0xbfe00000 - 0xc0000000   (   2 MB)
[    0.000000]     modules : 0xbf000000 - 0xbfe00000   (  14 MB)
[    0.000000]       .text : 0xc0008000 - 0xc08d4ebc   (9012 kB)
[    0.000000]       .init : 0xc08d5000 - 0xc0946000   ( 452 kB)
[    0.000000]       .data : 0xc0946000 - 0xc0a01b60   ( 751 kB)
[    0.000000]        .bss : 0xc0a04000 - 0xc12164f8   (8266 kB)
[    0.000000] Running RCU self tests
[    0.000000] Hierarchical RCU implementation.
[    0.000000] 	RCU lockdep checking is enabled.
[    0.000000] 	Build-time adjustment of leaf fanout to 32.
[    0.000000] 	RCU restricting CPUs from NR_CPUS=2 to nr_cpu_ids=1.
[    0.000000] RCU: Adjusting geometry for rcu_fanout_leaf=32, nr_cpu_ids=1
[    0.000000] NR_IRQS:16 nr_irqs:16 16
[    0.000000] IRQ: Found an INTC at 0xfa200000 (revision 4.0) with 96 interrupts
[    0.000000] Clocking rate (Crystal/Core/MPU): 26.0/400/600 MHz
[    0.000000] OMAP clockevent source: timer1 at 32768 Hz
[    0.000000] clocksource: 32k_counter: mask: 0xffffffff max_cycles: 0xffffffff, max_idle_ns: 58327039986419 ns
[    0.000000] sched_clock: 32 bits at 32kHz, resolution 30517ns, wraps every 65535999984741ns
[    0.000030] OMAP clocksource: 32k_counter at 32768 Hz
[    0.001281] Console: colour dummy device 80x30
[    0.001373] Lock dependency validator: Copyright (c) 2006 Red Hat, Inc., Ingo Molnar
[    0.001373] ... MAX_LOCKDEP_SUBCLASSES:  8
[    0.001403] ... MAX_LOCK_DEPTH:          48
[    0.001403] ... MAX_LOCKDEP_KEYS:        8191
[    0.001403] ... CLASSHASH_SIZE:          4096
[    0.001434] ... MAX_LOCKDEP_ENTRIES:     32768
[    0.001434] ... MAX_LOCKDEP_CHAINS:      65536
[    0.001464] ... CHAINHASH_SIZE:          32768
[    0.001464]  memory used by lock dependency info: 5167 kB
[    0.001495]  per task-struct memory footprint: 1536 bytes
[    0.001525] Calibrating delay loop... 594.73 BogoMIPS (lpj=2973696)
[    0.107269] pid_max: default: 32768 minimum: 301
[    0.107818] Security Framework initialized
[    0.108032] Mount-cache hash table entries: 1024 (order: 0, 4096 bytes)
[    0.108062] Mountpoint-cache hash table entries: 1024 (order: 0, 4096 bytes)
[    0.112518] Initializing cgroup subsys io
[    0.112701] Initializing cgroup subsys memory
[    0.112823] Initializing cgroup subsys devices
[    0.112945] Initializing cgroup subsys freezer
[    0.113159] Initializing cgroup subsys perf_event
[    0.113250] CPU: Testing write buffer coherency: ok
[    0.115264] CPU0: thread -1, cpu 0, socket -1, mpidr 0
[    0.115417] Setting up static identity map for 0x80008280 - 0x800082f0
[    0.121856] Brought up 1 CPUs
[    0.121917] SMP: Total of 1 processors activated (594.73 BogoMIPS).
[    0.121917] CPU: All CPU(s) started in SVC mode.
[    0.128021] devtmpfs: initialized
[    0.246429] VFP support v0.3: implementor 41 architecture 3 part 30 variant c rev 3
[    0.336700] omap_hwmod: mcbsp2_sidetone using broken dt data from mcbsp
[    0.339385] omap_hwmod: mcbsp3_sidetone using broken dt data from mcbsp
[    0.467193] clocksource: jiffies: mask: 0xffffffff max_cycles: 0xffffffff, max_idle_ns: 19112604462750000 ns
[    0.470275] pinctrl core: initialized pinctrl subsystem
[    0.478149] NET: Registered protocol family 16
[    0.487213] DMA: preallocated 256 KiB pool for atomic coherent allocations
[    0.490417] cpuidle: using governor ladder
[    0.490447] cpuidle: using governor menu
[    0.491333] Reprogramming SDRC clock to 400000000 Hz
[    0.505371] omap_gpio 48310000.gpio: could not find pctldev for node /ocp/l4@48000000/scm@2000/pinmux@a00/pinmux
_gpio1_pins, deferring probe
[    0.509674] OMAP GPIO hardware version 2.5
[    0.524261] irq: no irq domain found for /ocp/l4@48000000/scm@2000/pinmux@30 !
[    0.552917] omap-gpmc 6e000000.gpmc: GPMC revision 5.0
[    0.553222] gpmc_mem_init: disabling cs 0 mapped at 0x0-0x1000000
[    0.556304] platform 48058000.ssi-controller: Cannot lookup hwmod 'ssi'
[    0.569763] No ATAGs?
[    0.569824] hw-breakpoint: debug architecture 0x4 unsupported.
[    0.572753] omap4_sram_init:Unable to allocate sram needed to handle errata I688
[    0.572784] omap4_sram_init:Unable to get sram pool needed to handle errata I688
[    0.574768] OMAP DMA hardware revision 5.0
[    0.631347] omap-dma-engine 48056000.dma-controller: OMAP DMA engine driver
[    0.640869] omap-iommu 480bd400.mmu: 480bd400.mmu registered
[    0.641479] omap-iommu 5d000000.mmu: 5d000000.mmu registered
[    0.643157] SCSI subsystem initialized
[    0.645416] usbcore: registered new interface driver usbfs
[    0.645660] usbcore: registered new interface driver hub
[    0.645904] usbcore: registered new device driver usb
[    0.651763] omap_i2c 48070000.i2c: bus 0 rev4.4 at 2600 kHz
[    0.653717] omap_i2c 48072000.i2c: bus 1 rev4.4 at 400 kHz
[    0.655456] omap_i2c 48060000.i2c: bus 2 rev4.4 at 100 kHz
[    0.656311] pps_core: LinuxPPS API ver. 1 registered
[    0.656341] pps_core: Software ver. 5.3.6 - Copyright 2005-2007 Rodolfo Giometti <giometti@linux.it>
[    0.656433] PTP clock support registered
[    0.662780] clocksource: Switched to clocksource 32k_counter
[    0.893096] NET: Registered protocol family 2
[    0.895812] TCP established hash table entries: 4096 (order: 2, 16384 bytes)
[    0.895965] TCP bind hash table entries: 4096 (order: 5, 147456 bytes)
[    0.897949] TCP: Hash tables configured (established 4096 bind 4096)
[    0.898254] UDP hash table entries: 256 (order: 2, 20480 bytes)
[    0.898559] UDP-Lite hash table entries: 256 (order: 2, 20480 bytes)
[    0.899963] NET: Registered protocol family 1
[    0.902374] RPC: Registered named UNIX socket transport module.
[    0.902404] RPC: Registered udp transport module.
[    0.902404] RPC: Registered tcp transport module.
[    0.902435] RPC: Registered tcp NFSv4.1 backchannel transport module.
[    0.909271] hw perfevents: enabled with armv7_cortex_a8 PMU driver, 5 counters available
[    0.918060] futex hash table entries: 256 (order: 2, 16384 bytes)
[    0.918395] audit: initializing netlink subsys (disabled)
[    0.918731] audit: type=2000 audit(0.900:1): initialized
[    0.925537] VFS: Disk quotas dquot_6.6.0
[    0.925964] VFS: Dquot-cache hash table entries: 1024 (order 0, 4096 bytes)
[    0.929351] NFS: Registering the id_resolver key type
[    0.929962] Key type id_resolver registered
[    0.929992] Key type id_legacy registered
[    0.930267] jffs2: version 2.2. (NAND) (SUMMARY)  © 2001-2006 Red Hat, Inc.
[    0.938934] io scheduler noop registered
[    0.938964] io scheduler deadline registered
[    0.939056] io scheduler cfq registered (default)
[    0.943298] pinctrl-single 48002030.pinmux: 284 pins at pa fa002030 size 568
[    0.944122] pinctrl-single 48002a00.pinmux: 46 pins at pa fa002a00 size 92
[    0.945617] pinctrl-single 480025a0.pinmux: 46 pins at pa fa0025a0 size 92
[    0.953765] Serial: 8250/16550 driver, 4 ports, IRQ sharing enabled
[    0.963592] omap_uart 4806a000.serial: no wakeirq for uart0
[    0.964233] 4806a000.serial: ttyO0 at MMIO 0x4806a000 (irq = 88, base_baud = 3000000) is a OMAP UART0
[    0.967010] omap_uart 4806c000.serial: no wakeirq for uart1
[    0.967590] 4806c000.serial: ttyO1 at MMIO 0x4806c000 (irq = 89, base_baud = 3000000) is a OMAP UART1
[    0.970184] 49020000.serial: ttyO2 at MMIO 0x49020000 (irq = 90, base_baud = 3000000) is a OMAP UART2
[    1.831176] console [ttyO2] enabled
[    1.837829] omap_uart 49042000.serial: no wakeirq for uart3
[    1.844268] 49042000.serial: ttyO3 at MMIO 0x49042000 (irq = 96, base_baud = 3000000) is a OMAP UART3
[    1.909606] brd: module loaded
[    1.946319] loop: module loaded
[    1.980804] twl 0-0048: PIH (irq 23) chaining IRQs 307..315
[    1.987335] twl 0-0048: power (irq 312) chaining IRQs 315..322
[    2.060607] twl4030_gpio twl4030-gpio: gpio (irq 307) chaining IRQs 323..340
[    2.146667] mtdoops: mtd device (mtddev=name/number) must be supplied
[    2.169860] usbcore: registered new interface driver smsc95xx
[    2.177551] ehci_hcd: USB 2.0 'Enhanced' Host Controller (EHCI) Driver
[    2.184539] ehci-omap: OMAP-EHCI Host Controller driver
[    2.191375] ehci-omap 48064800.ehci: Can't get PHY device for port 1: -517
[    2.201873] mousedev: PS/2 mouse device common for all mice
[    2.207916] i2c /dev entries driver
[    2.263824] ledtrig-cpu: registered to indicate activity on CPUs
[    2.272399] oprofile: using arm/armv7
[    2.277526] Initializing XFRM netlink socket
[    2.282775] NET: Registered protocol family 10
[    2.293273] sit: IPv6 over IPv4 tunneling driver
[    2.301574] NET: Registered protocol family 17
[    2.306518] NET: Registered protocol family 15
[    2.311737] Key type dns_resolver registered
[    2.316772] omap2_set_init_voltage: unable to find boot up OPP for vdd_mpu_iva
[    2.324462] omap2_set_init_voltage: unable to set vdd_mpu_iva
[    2.330566] omap2_set_init_voltage: unable to find boot up OPP for vdd_core
[    2.337951] omap2_set_init_voltage: unable to set vdd_core
[    2.349334] ThumbEE CPU extension supported.
[    2.354003] Registering SWP/SWPB emulation handler
[    2.359100] SmartReflex Class3 initialized
[    2.482940] ehci-omap 48064800.ehci: EHCI Host Controller
[    2.489746] ehci-omap 48064800.ehci: new USB bus registered, assigned bus number 1
[    2.499450] ehci-omap 48064800.ehci: irq 93, io mem 0x48064800
[    2.522827] ehci-omap 48064800.ehci: USB 2.0 started, EHCI 1.00
[    2.531524] usb usb1: New USB device found, idVendor=1d6b, idProduct=0002
[    2.538818] usb usb1: New USB device strings: Mfr=3, Product=2, SerialNumber=1
[    2.546478] usb usb1: Product: EHCI Host Controller
[    2.551635] usb usb1: Manufacturer: Linux 4.3.0-rc3-00010-gcecd161224c2 ehci_hcd
[    2.559478] usb usb1: SerialNumber: 48064800.ehci
[    2.570922] hub 1-0:1.0: USB hub found
[    2.575500] hub 1-0:1.0: 3 ports detected
[    2.590118] hctosys: unable to open rtc device (rtc0)
[    2.595642] sr_init: No PMIC hook to init smartreflex
[    2.601593] smartreflex smartreflex.0: omap_sr_probe: SmartReflex driver initialized
[    2.610900] smartreflex smartreflex.1: omap_sr_probe: SmartReflex driver initialized
[    2.710662] VAUX3: disabling
[    2.714996] VDAC: disabling
[    2.719665] VUSB3V1: disabling
[    2.723999] VPLL2: disabling
[    2.733245] Waiting for root device /dev/mmcblk0p2...
[    2.775878] mmc0: host does not support reading read-only switch, assuming write-enable
[    2.787017] mmc0: new high speed SDHC card at address 1234
[    2.797241] mmcblk0: mmc0:1234 SA04G 3.70 GiB 
[    2.812469]  mmcblk0: p1 p2
[    2.874969] EXT4-fs (mmcblk0p2): warning: mounting fs with errors, running e2fsck is recommended
[    2.923217] usb 1-2: new high-speed USB device number 2 using ehci-omap
[    3.074462] usb 1-2: New USB device found, idVendor=0424, idProduct=9514
[    3.081573] usb 1-2: New USB device strings: Mfr=0, Product=0, SerialNumber=0
[    3.093475] hub 1-2:1.0: USB hub found
[    3.097747] hub 1-2:1.0: 5 ports detected
[    3.247467] EXT4-fs (mmcblk0p2): mounted filesystem with ordered data mode. Opts: (null)
[    3.256347] VFS: Mounted root (ext4 filesystem) on device 179:2.
[    3.280242] devtmpfs: mounted
[    3.284606] Freeing unused kernel memory: 452K (c08d5000 - c0946000)
[    3.382812] usb 1-2.1: new high-speed USB device number 3 using ehci-omap
[    3.514862] usb 1-2.1: New USB device found, idVendor=0424, idProduct=ec00
[    3.522186] usb 1-2.1: New USB device strings: Mfr=0, Product=0, SerialNumber=0
[    3.535980] smsc95xx v1.0.4
INIT: version 2.86 booting
[    3.645111] smsc95xx 1-2.1:1.0 eth0: register 'smsc95xx' at usb-48064800.ehci-2.1, smsc95xx USB 2.0 Ethernet, ae
:d0:a0:69:f2:7a
Please wait: booting...
Starting udev
WARNING: -e needs -E or -F
[    4.670074] udevd (104): /proc/104/oom_adj is deprecated, please use /proc/104/oom_score_adj instead.
[   15.901885] FAT-fs (mmcblk0p1): Volume was not properly unmounted. Some data may be corrupt. Please run fsck.
[   16.031463] alignment: ignoring faults is unsafe on this CPU.  Defaulting to fixup mode.
Remounting root file system...
[   16.201202] EXT4-fs (mmcblk0p2): re-mounted. Opts: (null)
Caching udev devnodes
Populating dev cache[   16.410003] EXT4-fs error (device mmcblk0p2): ext4_mb_generate_buddy:758: group 1, block bit
map and bg descriptor inconsistent: 3227 vs 3225 free clusters
[   16.447357] JBD2: Spotted dirty metadata buffer (dev = mmcblk0p2, blocknr = 0). There's a risk of filesystem cor
ruption in case of system crash.

logger: mount: mount point /proc/bus/usb does not exist
ALSA: Restoring mixer settings...
/usr/sbin/alsactl: load_state:1625: No soundcards found...
Configuring network interfaces... [   18.414001] smsc95xx 1-2.1:1.0 eth0: hardware isn't capable of remote wakeup
[   18.422119] IPv6: ADDRCONF(NETDEV_UP): eth0: link is not ready
udhcpc (v1.13.2) started
run-parts: /etc/udhcpc.d/00avahi-autoipd exited with code 1
Sending discover...
[   19.873107] IPv6: ADDRCONF(NETDEV_CHANGE): eth0: link becomes ready
[   19.883239] smsc95xx 1-2.1:1.0 eth0: link up, 100Mbps, full-duplex, lpa 0x45E1
Sending discover...
Sending select for 128.247.9.139...
Lease of 128.247.9.139 obtained, lease time 3600
run-parts: /etc/udhcpc.d/00avahi-autoipd exited with code 1
adding dns 192.0.2.2
adding dns 192.0.2.3
done.
[   22.883361] random: nonblocking pool is initialized
Starting portmap daemon: portmap.
net.ipv4.conf.default.rp_filter = 1
net.ipv4.conf.all.rp_filter = 1
hwclock: can't open '/dev/misc/rtc': No such file or directory
Tue Jun 19 22:23:00 UTC 2012
hwclock: can't open '/dev/misc/rtc': No such file or directory
INIT: Entering runlevel: 5
Starting system message bus: dbus.
Starting Dropbear SSH server: dropbear.
Starting advanced power management daemon: No APM support in kernel
(failed.)
Starting syslogd/klogd: done
 * Starting Avahi mDNS/DNS-SD Daemon: avahi-daemon
   ...done.

.-------.                                           
|       |                  .-.                      
|   |   |-----.-----.-----.| |   .----..-----.-----.
|       |     | __  |  ---'| '--.|  .-'|     |     |
|   |   |  |  |     |---  ||  --'|  |  |  '  | | | |
'---'---'--'--'--.  |-----''----''--'  '-----'-'-'-'
                -'  |
                '---'

The Angstrom Distribution beagle-xm ttyO2

Angstrom 2010.7-test-20110220 beagle-xm ttyO2

beagle-xm login: root
root@beagle-xm:~# 
root@beagle-xm:~# cat /proroot@beagle-xm:~# cat /proc/verroot@beagle-xm:~# cat /proc/version 
Linux version 4.3.0-rc3-00010-gcecd161224c2 (suman@Irmo) (gcc version 4.9.3 20150413 (prerelease) (Linaro GCC 4.9-2
015.05) ) #56 SMP Fri Oct 2 16:28:57 CDT 2015
root@beagle-xm:~# 
root@beagle-xm:~# cat /sysroot@beagle-xm:~# cat /sys/by uroot@beagle-xm:~# cat /sys/bus/soroot@beagle-xm:~# cat /sys/bus/soc/deviroot@beagle-xm:~# cat /sys/bus/soc/devices/soroot@beagle-xm:~# cat /sys/bus/soc/devices/soc0/*
OMAP3
OMAP3630
cat: read error: Is a directory
ES1.2
cat: read error: Is a directory
GP
root@beagle-xm:~# dmesg | grep mmu
[    0.640869] omap-iommu 480bd400.mmu: 480bd400.mmu registered
[    0.641479] omap-iommu 5d000000.mmu: 5d000000.mmu registered
root@beagle-xm:~# 
root@beagle-xm:~# ls -l /sysroot@beagle-xm:~# ls -l /sys/broot@beagle-xm:~# ls -l /sys/buroot@beagle-xm:~# ls -l /sys/bus/plroot@beagle-xm:~# ls -l /sys/bus/platform/deviroot@beagle-xm:~# ls -l /sys/bus/platform/devices/ | grep mmu
lrwxrwxrwx    1 root     root            0 Jan  1  1970 480bd400.mmu -> ../../../devices/platform/68000000.ocp/480b
d400.mmu
lrwxrwxrwx    1 root     root            0 Jan  1  1970 5d000000.mmu -> ../../../devices/platform/68000000.ocp/5d00
0000.mmu
lrwxrwxrwx    1 root     root            0 Jan  1  1970 iommu_test -> ../../../devices/platform/iommu_test
root@beagle-xm:~# 
root@beagle-xm:~# ls -l /sysroot@beagle-xm:~# ls -l /sys/by uroot@beagle-xm:~# ls -l /sys/bus/plroot@beagle-xm:~# ls -l /sys/bus/platform/driroot@beagle-xm:~# ls -l /sys/bus/platform/drivers/omroot@beagle-xm:~# ls -l /sys/bus/platform/drivers/omap-iomroot@beagle-xm:~# ls -l /sys/bus/platform/drivers/omap-iommu/
lrwxrwxrwx    1 root     root            0 Jun 19 22:24 480bd400.mmu -> ../../../../devices/platform/68000000.ocp/4
80bd400.mmu
lrwxrwxrwx    1 root     root            0 Jun 19 22:24 5d000000.mmu -> ../../../../devices/platform/68000000.ocp/5
d000000.mmu
--w-------    1 root     root         4096 Jun 19 22:24 bind
--w-------    1 root     root         4096 Jun 19 22:24 uevent
--w-------    1 root     root         4096 Jun 19 22:24 unbind
root@beagle-xm:~# 
root@beagle-xm:~# ls -l /proroot@beagle-xm:~# ls -l /proc/deviroot@beagle-xm:~# ls -l /proc/device-root@beagle-xm:~# ls -l /proc/device-tree/ocproot@beagle-xm:~# ls -l /proc/device-tree/ocp/ | grep mmu
drwxr-xr-x    2 root     root            0 Jun 19 22:24 mmu@480bd400
drwxr-xr-x    2 root     root            0 Jun 19 22:24 mmu@5d000000
root@beagle-xm:~# 
root@beagle-xm:~# 
root@beagle-xm:~# cd /rproot@beagle-xm:~# cd /rpmsg/
root@beagle-xm:/rpmsg# insmod iomroot@beagle-xm:/rpmsg# insmod iommu_dtroot@beagle-xm:/rpmsg# insmod iommu_dt_test.ko count=5                               cat /d/omroot@beagle-xm:/rpmsg# cat /d/omap_iomroot@beagle-xm:/rpmsg# cat /d/omap_iommu/root@beagle-xm:/rpmsg# cat /d/omap_iommu/
/d/omap_iommu/480bd400.mmu/  /d/omap_iommu/5d000000.mmu/
root@beagle-xm:/rpmsg# cat /d/omap_iommu/*mmu/*
8
cat: read error: Operation not permitted
cat: read error: Operation not permitted
cat: read error: Operation not permitted
32
cat: read error: Operation not permitted
cat: read error: Operation not permitted
cat: read error: Operation not permitted
root@beagle-xm:/rpmsg# 
root@beagle-xm:/rpmsg# 
root@beagle-xm:/rpmsg# insmod iomroot@beagle-xm:/rpmsg# insmod iommu_dtroot@beagle-xm:/rpmsg# insmod iommu_dt_test.ko count=5
[  156.241943] omap_iommu_test_init: iommu_test_init entered
[  156.247863] omap_iommu_test iommu_test: Enabling IOMMU...
[  156.253723] omap_iommu_test iommu_test: dev->of_node->name: iommu_test dev_name iommu_test
[  156.262451] omap_iommu_test iommu_test: testing IOMMU 5d000000.mmu
[  156.270111] omap-iommu 5d000000.mmu: 5d000000.mmu: version 1.0
[  156.276367] omap_iommu_test iommu_test: Mapping da 0xa0100000, pa 0x95100000, len 0x100000
[  156.285461] omap_iommu_test iommu_test: Mapping da 0xa0200000, pa 0x95200000, len 0x100000
[  156.294311] omap_iommu_test iommu_test: Mapping da 0xa0300000, pa 0x95300000, len 0x100000
[  156.303100] omap_iommu_test iommu_test: Mapping da 0xa0400000, pa 0x95400000, len 0x100000
[  156.311859] omap_iommu_test iommu_test: Mapping da 0xa0500000, pa 0x95500000, len 0x100000
root@beagle-xm:/rpmsg# 
root@beagle-xm:/rpmsg# 
root@beagle-xm:/rpmsg# root@beagle-xm:/rpmsg# insmod iommu_dt_test.ko count=5root@beagle-xm:/rpmsg# cat /d/omap_iommu/*mmu/*root@beagle-xm:/rpmsg# cd /rpmsg/root@beagle-xm:/rpmsg# cat /d/omap_iommu/*mmu/*     mmu/*
8
cat: read error: Operation not permitted
cat: read error: Operation not permitted
cat: read error: Operation not permitted
32
L:      da:     pte:
--------------------------
1: 0xa0100000 0x95100002
1: 0xa0200000 0x95200002
1: 0xa0300000 0x95300002
1: 0xa0400000 0x95400002
1: 0xa0500000 0x95500002
            REVISION: 00000010
           IRQSTATUS: 00000000
           IRQENABLE: 0000001e
          WALKING_ST: 00000000
                CNTL: 00000006
            FAULT_AD: 00000000
                 TTB: 9d0dc000
                LOCK: 00000000
              LD_TLB: 00000000
                 CAM: 00000000
                 RAM: 00000000
              GFLUSH: 00000000
         FLUSH_ENTRY: 00000000
            READ_CAM: 00000000
            READ_RAM: 00000000
        EMU_FAULT_AD: 00000000
    cam:     ram:
-----------------------------------------
root@beagle-xm:/rpmsg# 
root@beagle-xm:/rpmsg# root@beagle-xm:/rpmsg# cat /d/omap_iommu/*mmu/*cat /d/omap_iommu/*mmu/*  /d/omap_iommu/*mmu/*  /d/omap_iommu/*mmu/* l /d/omap_iommu/*mmu/*s /d/omap_iommu/*mmu/*  /d/omap_iommu/*mmu/*- /d/omap_iommu/*mmu/*l /d/omap_iommu/*mmu/* /d/omap_iommu/*mmu/*
-r--------    1 root     root            0 Jan  1  1970 /d/omap_iommu/480bd400.mmu/nr_tlb_entries
-r--------    1 root     root            0 Jan  1  1970 /d/omap_iommu/480bd400.mmu/pagetable
-r--------    1 root     root            0 Jan  1  1970 /d/omap_iommu/480bd400.mmu/regs
-r--------    1 root     root            0 Jan  1  1970 /d/omap_iommu/480bd400.mmu/tlb
-r--------    1 root     root            0 Jan  1  1970 /d/omap_iommu/5d000000.mmu/nr_tlb_entries
-r--------    1 root     root            0 Jan  1  1970 /d/omap_iommu/5d000000.mmu/pagetable
-r--------    1 root     root            0 Jan  1  1970 /d/omap_iommu/5d000000.mmu/regs
-r--------    1 root     root            0 Jan  1  1970 /d/omap_iommu/5d000000.mmu/tlb
root@beagle-xm:/rpmsg# 
root@beagle-xm:/rpmsg# rmmod iomroot@beagle-xm:/rpmsg# rmmod iommu_dtroot@beagle-xm:/rpmsg# rmmod iommu_dt_test.ko     
[  210.014770] omap_iommu_test_cleanup: iommu_test_cleanup entered
[  210.021331] omap_iommu_test_cleanup: detached device and freed domain
root@beagle-xm:/rpmsg# 
root@beagle-xm:/rpmsg# 
root@beagle-xm:/rpmsg# root@beagle-xm:/rpmsg# rmmod iommu_dt_testroot@beagle-xm:/rpmsg# ls -l /d/omap_iommu/*mmu/*root@beagle-xm:/rpmsg# cat /d/omap_iommu/*mmu/*
8
cat: read error: Operation not permitted
cat: read error: Operation not permitted
cat: read error: Operation not permitted
32
cat: read error: Operation not permitted
cat: read error: Operation not permitted
cat: read error: Operation not permitted
root@beagle-xm:/rpmsg# 
root@beagle-xm:/rpmsg# 
root@beagle-xm:/rpmsg# 