
U-Boot SPL 2015.07 (Jul 20 2015 - 15:03:54)
OMAP4430 ES2.2
SPL: Please implement spl_start_uboot() for your board
SPL: Direct Linux boot not active!
reading u-boot.img
reading u-boot.img


U-Boot 2015.07 (Jul 20 2015 - 15:03:54 -0500)

CPU  : OMAP4430 ES2.2
Board: OMAP4 Panda
I2C:   ready
DRAM:  1 GiB
MMC:   OMAP SD/MMC: 0
reading uboot.env

** Unable to read "uboot.env" from mmc0:1 **
Using default environment

Net:   No ethernet found.
Hit any key to stop autoboot:  0
switch to partitions #0, OK
mmc0 is current device
SD/MMC found on device 0
reading boot.scr
** Unable to read file boot.scr **
reading uEnv.txt
1516 bytes read in 3 ms (493.2 KiB/s)
Importing environment from mmc0 ...
Running uenvcmd ...
starting USB...
USB0:   USB EHCI 1.00
scanning bus 0 for devices... 3 USB Device(s) found
       scanning usb for storage devices... 0 Storage Device(s) found
       scanning usb for ethernet devices... 1 Ethernet Device(s) found
network start
Loading DTB over network ...
Waiting for Ethernet connection... done.
BOOTP broadcast 1
BOOTP broadcast 2
*** Unhandled DHCP Option in OFFER/ACK: 150
*** Unhandled DHCP Option in OFFER/ACK: 44
*** Unhandled DHCP Option in OFFER/ACK: 46
*** Unhandled DHCP Option in OFFER/ACK: 150
*** Unhandled DHCP Option in OFFER/ACK: 44
*** Unhandled DHCP Option in OFFER/ACK: 46
DHCP client bound to address 128.247.9.56 (1032 ms)
Using sms0 device
TFTP from server 128.247.9.166; our IP address is 128.247.9.56
Filename 'suman/omap4-panda.dtb'.
Load address: 0x88000000
Loading: ####
         1.9 MiB/s
done
Bytes transferred = 56676 (dd64 hex)
DTB loaded ...
Loading kernel over network ...
Waiting for Ethernet connection... done.
BOOTP broadcast 1
*** Unhandled DHCP Option in OFFER/ACK: 150
*** Unhandled DHCP Option in OFFER/ACK: 44
*** Unhandled DHCP Option in OFFER/ACK: 46
*** Unhandled DHCP Option in OFFER/ACK: 150
*** Unhandled DHCP Option in OFFER/ACK: 44
*** Unhandled DHCP Option in OFFER/ACK: 46
DHCP client bound to address 128.247.9.56 (28 ms)
Using sms0 device
TFTP from server 128.247.9.166; our IP address is 128.247.9.56
Filename 'suman/zImage'.
Load address: 0x82000000
Loading: #################################################################
         #################################################################
         #################################################################
         #######################################################
         2.2 MiB/s
done
Bytes transferred = 3669776 (37ff10 hex)
Kernel loaded ...
network stop
Kernel image @ 0x82000000 [ 0x000000 - 0x37ff10 ]
## Flattened Device Tree blob at 88000000
   Booting using the fdt blob at 0x88000000
   Loading Device Tree to 8ffef000, end 8ffffd63 ... OK

Starting kernel ...

[    0.000000] Booting Linux on physical CPU 0x0
[    0.000000] Initializing cgroup subsys cpuset
[    0.000000] Initializing cgroup subsys cpu
[    0.000000] Initializing cgroup subsys cpuacct
[    0.000000] Linux version 4.3.0-rc3-00008-gbc0b61985337 (suman@Irmo) (gcc version 4.9.3 20150413 (prerelease) (L
inaro GCC 4.9-2015.05) ) #55 SMP Fri Oct 2 16:03:48 CDT 2015
[    0.000000] CPU: ARMv7 Processor [411fc092] revision 2 (ARMv7), cr=10c5387d
[    0.000000] CPU: PIPT / VIPT nonaliasing data cache, VIPT aliasing instruction cache
[    0.000000] Machine model: TI OMAP4 PandaBoard
[    0.000000] cma: Reserved 16 MiB at 0xbe800000
[    0.000000] Memory policy: Data cache writealloc
[    0.000000] OMAP4: Map 0xbfe00000 to fe600000 for dram barrier
[    0.000000] OMAP4430 ES2.2
[    0.000000] PERCPU: Embedded 14 pages/cpu @eee94000 s25088 r8192 d24064 u57344
[    0.000000] Built 1 zonelists in Zone order, mobility grouping on.  Total pages: 259922
[    0.000000] Kernel command line: root=/dev/nfs rw nfsroot=128.247.9.166:/home/suman/projects/rfs/dra7/am57xx-sdk
 rootdelay=1 console=ttyO2,115200n8 noinitrd ip=dhcp
[    0.000000] PID hash table entries: 4096 (order: 2, 16384 bytes)
[    0.000000] Dentry cache hash table entries: 131072 (order: 7, 524288 bytes)
[    0.000000] Inode-cache hash table entries: 65536 (order: 6, 262144 bytes)
[    0.000000] Memory: 1001152K/1046528K available (6723K kernel code, 750K rwdata, 2288K rodata, 452K init, 8265K
bss, 28992K reserved, 16384K cma-reserved, 251904K highmem)
[    0.000000] Virtual kernel memory layout:
[    0.000000]     vector  : 0xffff0000 - 0xffff1000   (   4 kB)
[    0.000000]     fixmap  : 0xffc00000 - 0xfff00000   (3072 kB)
[    0.000000]     vmalloc : 0xf0000000 - 0xff000000   ( 240 MB)
[    0.000000]     lowmem  : 0xc0000000 - 0xef800000   ( 760 MB)
[    0.000000]     pkmap   : 0xbfe00000 - 0xc0000000   (   2 MB)
[    0.000000]     modules : 0xbf000000 - 0xbfe00000   (  14 MB)
[    0.000000]       .text : 0xc0008000 - 0xc08d4ebc   (9012 kB)
[    0.000000]       .init : 0xc08d5000 - 0xc0946000   ( 452 kB)
[    0.000000]       .data : 0xc0946000 - 0xc0a01b60   ( 751 kB)
[    0.000000]        .bss : 0xc0a04000 - 0xc12164f8   (8266 kB)
[    0.000000] Running RCU self tests
[    0.000000] Hierarchical RCU implementation.
[    0.000000]  RCU lockdep checking is enabled.
[    0.000000]  Build-time adjustment of leaf fanout to 32.
[    0.000000] NR_IRQS:16 nr_irqs:16 16
[    0.000000] L2C: platform modifies aux control register: 0x0e070000 -> 0x3e470000
[    0.000000] L2C: DT/platform modifies aux control register: 0x0e070000 -> 0x3e470000
[    0.000000] L2C-310 erratum 727915 enabled
[    0.000000] L2C-310 enabling early BRESP for Cortex-A9
[    0.000000] L2C-310 ID prefetch enabled, offset 1 lines
[    0.000000] L2C-310 cache controller enabled, 16 ways, 1024 kB
[    0.000000] L2C-310: CACHE_ID 0x410000c4, AUX_CTRL 0x7e470000
[    0.000000] ti_dt_clocks_register: failed to lookup clock node dss_fck
[    0.000000] ti_dt_clocks_register: failed to lookup clock node dss_fck
[    0.000000] ti_dt_clocks_register: failed to lookup clock node div_ts_ck
[    0.000000] ti_dt_clocks_register: failed to lookup clock node bandgap_ts_fclk
[    0.000000] OMAP clockevent source: timer1 at 32768 Hz
[    0.000000] clocksource: 32k_counter: mask: 0xffffffff max_cycles: 0xffffffff, max_idle_ns: 58327039986419 ns
[    0.000000] sched_clock: 32 bits at 32kHz, resolution 30517ns, wraps every 65535999984741ns
[    0.000000] OMAP clocksource: 32k_counter at 32768 Hz
[    0.002349] Console: colour dummy device 80x30
[    0.002410] Lock dependency validator: Copyright (c) 2006 Red Hat, Inc., Ingo Molnar
[    0.002410] ... MAX_LOCKDEP_SUBCLASSES:  8
[    0.002441] ... MAX_LOCK_DEPTH:          48
[    0.002441] ... MAX_LOCKDEP_KEYS:        8191
[    0.002441] ... CLASSHASH_SIZE:          4096
[    0.002471] ... MAX_LOCKDEP_ENTRIES:     32768
[    0.002471] ... MAX_LOCKDEP_CHAINS:      65536
[    0.002471] ... CHAINHASH_SIZE:          32768
[    0.002502]  memory used by lock dependency info: 5167 kB
[    0.002502]  per task-struct memory footprint: 1536 bytes
[    0.002532] Calibrating delay loop... 1196.85 BogoMIPS (lpj=5984256)
[    0.080352] pid_max: default: 32768 minimum: 301
[    0.080841] Security Framework initialized
[    0.080993] Mount-cache hash table entries: 2048 (order: 1, 8192 bytes)
[    0.081024] Mountpoint-cache hash table entries: 2048 (order: 1, 8192 bytes)
[    0.084991] Initializing cgroup subsys io
[    0.085144] Initializing cgroup subsys memory
[    0.085266] Initializing cgroup subsys devices
[    0.085388] Initializing cgroup subsys freezer
[    0.085540] Initializing cgroup subsys perf_event
[    0.085601] CPU: Testing write buffer coherency: ok
[    0.087371] CPU0: thread -1, cpu 0, socket 0, mpidr 80000000
[    0.087493] Setting up static identity map for 0x80008280 - 0x800082f0
[    0.130340] CPU1: thread -1, cpu 1, socket 0, mpidr 80000001
[    0.131225] Brought up 2 CPUs
[    0.131256] SMP: Total of 2 processors activated (2393.70 BogoMIPS).
[    0.131256] CPU: All CPU(s) started in SVC mode.
[    0.135314] devtmpfs: initialized
[    0.204803] VFP support v0.3: implementor 41 architecture 3 part 30 variant 9 rev 1
[    0.210845] omap_hwmod: l3_main_3 using broken dt data from ocp
[    0.216247] omap_hwmod: l3_main_2 using broken dt data from ocp
[    0.420837] clocksource: jiffies: mask: 0xffffffff max_cycles: 0xffffffff, max_idle_ns: 19112604462750000 ns
[    0.423889] pinctrl core: initialized pinctrl subsystem
[    0.430511] NET: Registered protocol family 16
[    0.436859] DMA: preallocated 256 KiB pool for atomic coherent allocations
[    0.460632] cpuidle: using governor ladder
[    0.490447] cpuidle: using governor menu
[    0.508270] OMAP GPIO hardware version 0.1
[    0.521331] omap-gpmc 50000000.gpmc: GPMC revision 6.0
[    0.521514] gpmc_mem_init: disabling cs 0 mapped at 0x0-0x1000000
[    0.522796] irq: no irq domain found for /ocp/l4@4a000000/scm@100000/pinmux@40 !
[    0.523590] irq: no irq domain found for /ocp/l4@4a000000/scm@100000/pinmux@40 !
[    0.524383] irq: no irq domain found for /ocp/l4@4a000000/scm@100000/pinmux@40 !
[    0.551116] platform 4b501000.aes: Cannot lookup hwmod 'aes'
[    0.551757] platform 480a5000.des: Cannot lookup hwmod 'des'
[    0.562927] No ATAGs?
[    0.563018] hw-breakpoint: found 5 (+1 reserved) breakpoint and 1 watchpoint registers.
[    0.563049] hw-breakpoint: maximum watchpoint size is 4 bytes.
[    0.566894] OMAP DMA hardware revision 0.0
[    0.569488] ARM PMU: not yet supported on OMAP4430 due to missing CTI driver
[    0.639404] omap-dma-engine 4a056000.dma-controller: OMAP DMA engine driver
[    0.720916] reg-fixed-voltage wl12xx_vmmc: could not find pctldev for node /ocp/l4@4a000000/scm@100000/pinmux@40
/pinmux_wl12xx_gpio, deferring probe
[    0.727386] omap-iommu 4a066000.mmu: 4a066000.mmu registered
[    0.727905] omap-iommu 55082000.mmu: 55082000.mmu registered
[    0.729217] SCSI subsystem initialized
[    0.730926] usbcore: registered new interface driver usbfs
[    0.731109] usbcore: registered new interface driver hub
[    0.731292] usbcore: registered new device driver usb
[    0.733673] omap_i2c 48070000.i2c: could not find pctldev for node /ocp/l4@4a000000/scm@100000/pinmux@40/pinmux_
i2c1_pins, deferring probe
[    0.733795] omap_i2c 48072000.i2c: could not find pctldev for node /ocp/l4@4a000000/scm@100000/pinmux@40/pinmux_
i2c2_pins, deferring probe
[    0.733886] omap_i2c 48060000.i2c: could not find pctldev for node /ocp/l4@4a000000/scm@100000/pinmux@40/pinmux_
i2c3_pins, deferring probe
[    0.734008] omap_i2c 48350000.i2c: could not find pctldev for node /ocp/l4@4a000000/scm@100000/pinmux@40/pinmux_
i2c4_pins, deferring probe
[    0.734497] pps_core: LinuxPPS API ver. 1 registered
[    0.734527] pps_core: Software ver. 5.3.6 - Copyright 2005-2007 Rodolfo Giometti <giometti@linux.it>
[    0.734588] PTP clock support registered
[    0.739868] clocksource: Switched to clocksource 32k_counter
[    0.910095] NET: Registered protocol family 2
[    0.912719] TCP established hash table entries: 8192 (order: 3, 32768 bytes)
[    0.912933] TCP bind hash table entries: 8192 (order: 6, 294912 bytes)
[    0.915710] TCP: Hash tables configured (established 8192 bind 8192)
[    0.916107] UDP hash table entries: 512 (order: 3, 40960 bytes)
[    0.916503] UDP-Lite hash table entries: 512 (order: 3, 40960 bytes)
[    0.917785] NET: Registered protocol family 1
[    0.919921] RPC: Registered named UNIX socket transport module.
[    0.919921] RPC: Registered udp transport module.
[    0.919952] RPC: Registered tcp transport module.
[    0.919952] RPC: Registered tcp NFSv4.1 backchannel transport module.
[    0.932983] futex hash table entries: 512 (order: 3, 32768 bytes)
[    0.933380] audit: initializing netlink subsys (disabled)
[    0.933685] audit: type=2000 audit(0.910:1): initialized
[    0.938049] VFS: Disk quotas dquot_6.6.0
[    0.938415] VFS: Dquot-cache hash table entries: 1024 (order 0, 4096 bytes)
[    0.941772] NFS: Registering the id_resolver key type
[    0.942352] Key type id_resolver registered
[    0.942382] Key type id_legacy registered
[    0.942626] jffs2: version 2.2. (NAND) (SUMMARY)  Â© 2001-2006 Red Hat, Inc.
[    0.949523] bounce: pool size: 64 pages
[    0.949707] io scheduler noop registered
[    0.949829] io scheduler deadline registered
[    0.949890] io scheduler cfq registered (default)
[    0.954772] pinctrl-single 4a100040.pinmux: 203 pins at pa fc100040 size 406
[    0.955383] pinctrl-single 4a31e040.pinmux: 28 pins at pa fc31e040 size 56
[    0.962280] Serial: 8250/16550 driver, 4 ports, IRQ sharing enabled
[    0.969238] omap_uart 4806a000.serial: no wakeirq for uart0
[    0.970031] 4806a000.serial: ttyO0 at MMIO 0x4806a000 (irq = 226, base_baud = 3000000) is a OMAP UART0
[    0.972686] 4806c000.serial: ttyO1 at MMIO 0x4806c000 (irq = 227, base_baud = 3000000) is a OMAP UART1
[    0.974395] 48020000.serial: ttyO2 at MMIO 0x48020000 (irq = 228, base_baud = 3000000) is a OMAP UART2
[    1.910980] console [ttyO2] enabled
[    1.917114] 4806e000.serial: ttyO3 at MMIO 0x4806e000 (irq = 229, base_baud = 3000000) is a OMAP UART3
[    1.966735] brd: module loaded
[    1.995300] loop: module loaded
[    2.002532] mtdoops: mtd device (mtddev=name/number) must be supplied
[    2.021697] usbcore: registered new interface driver smsc95xx
[    2.028747] ehci_hcd: USB 2.0 'Enhanced' Host Controller (EHCI) Driver
[    2.035614] ehci-omap: OMAP-EHCI Host Controller driver
[    2.062133] ehci-omap 4a064c00.ehci: EHCI Host Controller
[    2.068634] ehci-omap 4a064c00.ehci: new USB bus registered, assigned bus number 1
[    2.077819] ehci-omap 4a064c00.ehci: irq 333, io mem 0x4a064c00
[    2.099884] ehci-omap 4a064c00.ehci: USB 2.0 started, EHCI 1.00
[    2.108093] usb usb1: New USB device found, idVendor=1d6b, idProduct=0002
[    2.115234] usb usb1: New USB device strings: Mfr=3, Product=2, SerialNumber=1
[    2.122802] usb usb1: Product: EHCI Host Controller
[    2.127899] usb usb1: Manufacturer: Linux 4.3.0-rc3-00008-gbc0b61985337 ehci_hcd
[    2.135650] usb usb1: SerialNumber: 4a064c00.ehci
[    2.144958] hub 1-0:1.0: USB hub found
[    2.149169] hub 1-0:1.0: 3 ports detected
[    2.160125] mousedev: PS/2 mouse device common for all mice
[    2.165954] i2c /dev entries driver
[    2.230621] ledtrig-cpu: registered to indicate activity on CPUs
[    2.238433] oprofile: no performance counters
[    2.245117] oprofile: using timer interrupt.
[    2.250976] Initializing XFRM netlink socket
[    2.256103] NET: Registered protocol family 10
[    2.264984] sit: IPv6 over IPv4 tunneling driver
[    2.272644] NET: Registered protocol family 17
[    2.277374] NET: Registered protocol family 15
[    2.282592] Key type dns_resolver registered
[    2.287353] twl: not initialized
[    2.290771] twl6030_uv_to_vsel:OUT OF RANGE! non mapped vsel for 1375000 Vs max 1316660
[    2.299133] twl6030_uv_to_vsel:OUT OF RANGE! non mapped vsel for 1375000 Vs max 1316660
[    2.307556] twl6030_uv_to_vsel:OUT OF RANGE! non mapped vsel for 1375000 Vs max 1316660
[    2.315948] twl6030_uv_to_vsel:OUT OF RANGE! non mapped vsel for 1375000 Vs max 1316660
[    2.324340] twl6030_uv_to_vsel:OUT OF RANGE! non mapped vsel for 1375000 Vs max 1316660
[    2.332733] twl6030_uv_to_vsel:OUT OF RANGE! non mapped vsel for 1375000 Vs max 1316660
[    2.341125] twl6030_uv_to_vsel:OUT OF RANGE! non mapped vsel for 1410000 Vs max 1316660
[    2.349517] omap2_set_init_voltage: unable to find boot up OPP for vdd_mpu
[    2.356750] omap2_set_init_voltage: unable to set vdd_mpu
[    2.362457] omap2_set_init_voltage: unable to find boot up OPP for vdd_core
[    2.369750] omap2_set_init_voltage: unable to set vdd_core
[    2.375488] omap2_set_init_voltage: unable to find boot up OPP for vdd_iva
[    2.382720] omap2_set_init_voltage: unable to set vdd_iva
[    2.391235] Power Management for TI OMAP4+ devices.
[    2.396331] OMAP4 PM: u-boot >= v2012.07 is required for full PM support
[    2.403564] ThumbEE CPU extension supported.
[    2.403564] Registering SWP/SWPB emulation handler
[    2.414764] SmartReflex Class3 initialized
[    2.436065] Skipping twl internal clock init and using bootloader value (unknown osc rate)
[    2.471527] twl 0-0048: PIH (irq 337) nested IRQs
[    2.509765] twl6040 0-004b: clk32k is not handled
[    2.523498] omap_i2c 48070000.i2c: bus 0 rev0.10 at 400 kHz
[    2.533111] omap_i2c 48072000.i2c: bus 1 rev0.10 at 400 kHz
[    2.540313] usb 1-1: new high-speed USB device number 2 using ehci-omap
[    2.542144] omap_i2c 48060000.i2c: bus 2 rev0.10 at 100 kHz
[    2.544158] omap_i2c 48350000.i2c: bus 3 rev0.10 at 400 kHz
[    2.603668] hw-breakpoint: Failed to enable monitor mode on CPU 0.
[    2.612762] hw-breakpoint: CPU 0 failed to disable vector catch
[    2.689270] mmc0: host does not support reading read-only switch, assuming write-enable
[    2.700317] mmc0: new high speed SD card at address 2d3d
[    2.710662] mmcblk0: mmc0:2d3d SD02G 1.87 GiB
[    2.716918] usb 1-1: New USB device found, idVendor=0424, idProduct=9514
[    2.724029] usb 1-1: New USB device strings: Mfr=0, Product=0, SerialNumber=0
[    2.735321]  mmcblk0: p1 p2
[    2.741485] hub 1-1:1.0: USB hub found
[    2.742706] hctosys: unable to open rtc device (rtc0)
[    2.743255] sr_init: No PMIC hook to init smartreflex
[    2.743255] smartreflex smartreflex.0: omap_sr_probe: SmartReflex driver initialized
[    2.744201] smartreflex smartreflex.1: omap_sr_probe: SmartReflex driver initialized
[    2.744201] smartreflex smartreflex.2: omap_sr_probe: SmartReflex driver initialized
[    2.780975] hub 1-1:1.0: 5 ports detected
[    3.070251] usb 1-1.1: new high-speed USB device number 3 using ehci-omap
[    3.201721] usb 1-1.1: New USB device found, idVendor=0424, idProduct=ec00
[    3.209014] usb 1-1.1: New USB device strings: Mfr=0, Product=0, SerialNumber=0
[    3.295349] smsc95xx v1.0.4
[    3.371887] smsc95xx 1-1.1:1.0 eth0: register 'smsc95xx' at usb-4a064c00.ehci-1.1, smsc95xx USB 2.0 Ethernet, 26
:cb:59:08:1d:3c
[    3.868499] smsc95xx 1-1.1:1.0 eth0: hardware isn't capable of remote wakeup
[    3.876434] IPv6: ADDRCONF(NETDEV_UP): eth0: link is not ready
[    5.327880] smsc95xx 1-1.1:1.0 eth0: link up, 100Mbps, full-duplex, lpa 0x45E1
[    5.340026] IPv6: ADDRCONF(NETDEV_CHANGE): eth0: link becomes ready
[    5.361602] Sending DHCP requests ., OK
[    6.420227] IP-Config: Got DHCP answer from 128.247.8.4, my address is 128.247.9.103
[    6.420257] IP-Config: Complete:
[    6.433044]      device=eth0, hwaddr=26:cb:59:08:1d:3c, ipaddr=128.247.9.103, mask=255.255.254.0, gw=128.247.8.1
[    6.443756]      host=dhcp-128-247-9-103, domain=am.dhcp.ti.com, nis-domain=(none)
[    6.451782]      bootserver=0.0.0.0, rootserver=128.247.9.166, rootpath=
[    6.458648]      nameserver0=192.0.2.2, nameserver1=192.0.2.3
[    6.465240] vwl1271: disabling
[    6.474365] VDAC: disabling
[    6.478302] VANA: disabling
[    6.482391] VUSB: disabling
[    6.489257] Waiting 1 sec before mounting root device...
[    7.513183] VFS: Mounted root (nfs filesystem) on device 0:15.
[    7.521636] devtmpfs: mounted
[    7.525695] Freeing unused kernel memory: 452K (c08d5000 - c0946000)
INIT: version 2.88 booting
Error opening /dev/fb0: No such file or directory
Starting udev
[    9.101745] udevd[113]: starting version 182
[   15.320556] EXT4-fs (mmcblk0p2): warning: maximal mount count reached, running e2fsck is recommended
[   15.338439] EXT4-fs (mmcblk0p2): recovery complete
[   15.345214] EXT4-fs (mmcblk0p2): mounted filesystem with ordered data mode. Opts: (null)
[   15.367004] FAT-fs (mmcblk0p1): Volume was not properly unmounted. Some data may be corrupt. Please run fsck.
[   15.621795] random: nonblocking pool is initialized
depmod: ERROR: could not open directory /lib/modules/4.3.0-rc3-00008-gbc0b61985337: No such file or directory
depmod: WARNING: -e needs -E or -F
depmod: ERROR: could not open directory /lib/modules/4.3.0-rc3-00008-gbc0b61985337: No such file or directory
depmod: FATAL: could not search modules: No such file or directory
Starting Bootlog daemon: bootlogd: cannot allocate pseudo tty: No such file or directory
bootlogd.
Populating dev cache
ALSA: Restoring mixer settings...
/usr/sbin/alsactl: load_state:1729: No soundcards found...
hwclock: can't open '/dev/misc/rtc': No such file or directory
Mon Sep 21 15:56:00 UTC 2015
hwclock: can't open '/dev/misc/rtc': No such file or directory
INIT: Entering runlevel: 5
NOT configuring network interfaces: / is an NFS mount
Starting system message bus: dbus.
UIM SYSFS Node Not Found
Starting Dropbear SSH server: dropbear.
Starting telnet daemon.
Starting rpcbind daemon...done.
creating NFS state directory: done
starting statd: done
hwclock: can't open '/dev/misc/rtc': No such file or directory
Starting syslogd/klogd: done
Starting thttpd.
Starting Lighttpd Web Server: lighttpd.
2015-09-21 15:56:05: (/home/jenkins/tisdk-build-am57x/build-CORTEX_1/arago-tmp-external-linaro-toolchain/work/corte
xa15t2hf-vfp-neon-linux-gnueabi/lighttpd/1.4.33-r1/lighttpd-1.4.33/src/log.c.166) server started
/
Starting Matrix GUI application.
Enabling thermal zones...
/etc/rc5.d/S98thermal-zone-init: line 7: /sys/class/thermal/thermal_zone*/mode: No such file or directory
***************************************************************
***************************************************************
NOTICE: This file system contains the followin GPLv3 packages:
        autoconf
        binutils
        cpp-symlinks
        cpp
        g++-symlinks
        g++
        gcc-symlinks
        gcc
        gdbserver
        libgmp10
        libmpc3
        libmpfr4
        make
        parted

If you do not wish to distribute GPLv3 components please remove
the above packages prior to distribution.  This can be done using
the opkg remove command.  i.e.:
    opkg remove <package>
Where <package> is the name printed in the list above

NOTE: If the package is a dependency of another package you
      will be notified of the dependent packages.  You should
      use the --force-removal-of-dependent-packages option to
      also remove the dependent packages as well
***************************************************************
***************************************************************
Stopping Bootlog daemon: bootlogd.

 _____                    _____           _         _
|  _  |___ ___ ___ ___   |  _  |___ ___  |_|___ ___| |_
|     |  _| .'| . | . |  |   __|  _| . | | | -_|  _|  _|
|__|__|_| |__,|_  |___|  |__|  |_| |___|_| |___|___|_|
              |___|                    |___|

Arago Project http://arago-project.org am57xx-evm /dev/ttyO2

Arago 2015.03 am57xx-evm /dev/ttyO2

am57xx-evm login: root
root@am57xx-evm:~#
root@am57xx-evm:~# cat /proc/version
Linux version 4.3.0-rc3-00008-gbc0b61985337 (suman@Irmo) (gcc version 4.9.3 20150413 (prerelease) (Linaro GCC 4.9-2
015.05) ) #55 SMP Fri Oct 2 16:03:48 CDT 2015
root@am57xx-evm:~#
root@am57xx-evm:~# cat /sys/bus/soc/devices/soc0/*
OMAP4
OMAP4430
cat: read error: Is a directory
ES2.2
cat: read error: Is a directory
GP
root@am57xx-evm:~#
root@am57xx-evm:~# dmesg | grep mmu
[    0.727386] omap-iommu 4a066000.mmu: 4a066000.mmu registered
[    0.727905] omap-iommu 55082000.mmu: 55082000.mmu registered
root@am57xx-evm:~# ls -l /sys/bus/platform/devices/ | grep mmu
lrwxrwxrwx    1 root     root             0 Jan  1  1970 4a066000.mmu -> ../../../devices/platform/44000000.ocp/4a0
66000.mmu
lrwxrwxrwx    1 root     root             0 Jan  1  1970 55082000.mmu -> ../../../devices/platform/44000000.ocp/550
82000.mmu
lrwxrwxrwx    1 root     root             0 Jan  1  1970 iommu_test -> ../../../devices/platform/iommu_test
root@am57xx-evm:~#
root@am57xx-evm:~#
root@am57xx-evm:~# ls -l /sys/bus/platform/drivers/omap-iommu/
lrwxrwxrwx    1 root     root             0 Sep 21 15:56 4a066000.mmu -> ../../../../devices/platform/44000000.ocp/
4a066000.mmu
lrwxrwxrwx    1 root     root             0 Sep 21 15:56 55082000.mmu -> ../../../../devices/platform/44000000.ocp/
55082000.mmu
--w-------    1 root     root          4096 Sep 21 15:56 bind
--w-------    1 root     root          4096 Sep 21 15:56 uevent
--w-------    1 root     root          4096 Sep 21 15:56 unbind
root@am57xx-evm:~#
root@am57xx-evm:~# ls -l /proc/device-tree/ocp/ | grep mmu
drwxr-xr-x    2 root     root             0 Sep 21 15:56 mmu@4a066000
drwxr-xr-x    2 root     root             0 Sep 21 15:56 mmu@55082000
root@am57xx-evm:~#
root@am57xx-evm:~# ls -l /d/omap_iommu/*mmu/*
-r--------    1 root     root             0 Jan  1  1970 /d/omap_iommu/4a066000.mmu/nr_tlb_entries
-r--------    1 root     root             0 Jan  1  1970 /d/omap_iommu/4a066000.mmu/pagetable
-r--------    1 root     root             0 Jan  1  1970 /d/omap_iommu/4a066000.mmu/regs
-r--------    1 root     root             0 Jan  1  1970 /d/omap_iommu/4a066000.mmu/tlb
-r--------    1 root     root             0 Jan  1  1970 /d/omap_iommu/55082000.mmu/nr_tlb_entries
-r--------    1 root     root             0 Jan  1  1970 /d/omap_iommu/55082000.mmu/pagetable
-r--------    1 root     root             0 Jan  1  1970 /d/omap_iommu/55082000.mmu/regs
-r--------    1 root     root             0 Jan  1  1970 /d/omap_iommu/55082000.mmu/tlb
root@am57xx-evm:~#
root@am57xx-evm:~# cat /d/omap_iommu/*mmu/*
32
cat: read error: Operation not permitted
cat: read error: Operation not permitted
cat: read error: Operation not permitted
32
cat: read error: Operation not permitted
cat: read error: Operation not permitted
cat: read error: Operation not permitted
root@am57xx-evm:~#
root@am57xx-evm:~# cd /rpmsg/
root@am57xx-evm:/rpmsg# insmod iommu_dt_test.ko count=5
[  173.450256] omap_iommu_test_init: iommu_test_init entered
[  173.456207] omap_iommu_test iommu_test: Enabling IOMMU...
[  173.462280] omap_iommu_test iommu_test: dev->of_node->name: iommu_test dev_name iommu_test
[  173.471496] omap_iommu_test iommu_test: testing IOMMU 4a066000.mmu
[  173.479614] omap-iommu 4a066000.mmu: 4a066000.mmu: version 2.0
[  173.486083] omap_iommu_test iommu_test: Mapping da 0xa0100000, pa 0x95100000, len 0x100000
[  173.495178] omap_iommu_test iommu_test: Mapping da 0xa0200000, pa 0x95200000, len 0x100000
[  173.505615] omap_iommu_test iommu_test: Mapping da 0xa0300000, pa 0x95300000, len 0x100000
[  173.514343] omap_iommu_test iommu_test: Mapping da 0xa0400000, pa 0x95400000, len 0x100000
[  173.523193] omap_iommu_test iommu_test: Mapping da 0xa0500000, pa 0x95500000, len 0x100000
root@am57xx-evm:/rpmsg#
root@am57xx-evm:/rpmsg# cat /d/omap_iommu/*mmu/*
32
L:      da:     pte:
--------------------------
1: 0xa0100000 0x95100002
1: 0xa0200000 0x95200002
1: 0xa0300000 0x95300002
1: 0xa0400000 0x95400002
1: 0xa0500000 0x95500002
            REVISION: 00000020
           IRQSTATUS: 00000000
           IRQENABLE: 0000001e
          WALKING_ST: 00000000
                CNTL: 00000006
            FAULT_AD: 00000000
                 TTB: ad4bc000
                LOCK: 00000000
              LD_TLB: 00000000
                 CAM: 00000000
                 RAM: 00000000
              GFLUSH: 00000000
         FLUSH_ENTRY: 00000000
            READ_CAM: 00000000
            READ_RAM: 00000000
        EMU_FAULT_AD: 00000000
    cam:     ram:
-----------------------------------------
32
cat: read error: Operation not permitted
cat: read error: Operation not permitted
cat: read error: Operation not permitted
root@am57xx-evm:/rpmsg#
root@am57xx-evm:/rpmsg#
root@am57xx-evm:/rpmsg# rmmod iommu_dt_test
[  190.110961] omap_iommu_test_cleanup: iommu_test_cleanup entered
[  190.118072] omap_iommu_test_cleanup: detached device and freed domain
root@am57xx-evm:/rpmsg#
root@am57xx-evm:/rpmsg# cat /d/omap_iommu/*mmu/*
32
cat: read error: Operation not permitted
cat: read error: Operation not permitted
cat: read error: Operation not permitted
32
cat: read error: Operation not permitted
cat: read error: Operation not permitted
cat: read error: Operation not permitted
root@am57xx-evm:/rpmsg#
root@am57xx-evm:/rpmsg#
root@am57xx-evm:/rpmsg#
root@am57xx-evm:/rpmsg#
root@am57xx-evm:/rpmsg#
root@am57xx-evm:/rpmsg# reboot

Broadcast message from root@am57xx-evm (ttyO2) (Mon Sep 21 16:01:02 2015):
The system is going down for reboot NOW!
INIT: Sending processes the TERM siUIM SYSFS Node Not Found
Stopping Dropbear SSH server: stopped /usr/sbin/dropbear (pid 653)
dropbear.
Stopping telnet daemon.
Stopping system message bus: dbus.
hwclock: can't open '/dev/misc/rtc': No such file or directory
Error opening /dev/fb0: No such file or directory
Stopping syslogd/klogd: stopped syslogd (pid 680)
stopped klogd (pid 683)
done
Stopping thttpd.
Stopping Weston
stopping statd: done
ALSA: Storing mixer settings...
/usr/sbin/alsactl: save_state:1590: No soundcards found...
Stopping rpcbind daemon...
done.
Stopping Lighttpd Web Server: stopped /usr/sbin/lighttpd (pid 690)
lighttpd.
NOT deconfiguring network interfaces: / is an NFS mount
Stopping Matrix GUI applicationstart-stop-daemon: warning: killing process 696: No such process
.
Disabling thermal zones...
/etc/rc6.d/K98thermal-zone-init: line 13: /sys/class/thermal/thermal_zone*/mode: No such file or directory
***************************************************************
***************************************************************
NOTICE: This file system contains the followin GPLv3 packages:
        autoconf
        binutils
        cpp-symlinks
        cpp
        g++-symlinks
        g++
        gcc-symlinks
        gcc
        gdbserver
        libgmp10
        libmpc3
        libmpfr4
        make
        parted

If you do not wish to distribute GPLv3 components please remove
the above packages prior to distribution.  This can be done using
the opkg remove command.  i.e.:
    opkg remove <package>
Where <package> is the name printed in the list above

NOTE: If the package is a dependency of another package you
      will be notified of the dependent packages.  You should
      use the --force-removal-of-dependent-packages option to
      also remove the dependent packages as well
***************************************************************
***************************************************************
Sending all processes the TERM signal...
Sending all processes the KILL signal...
Unmounting remote filesystems...
Deactivating swap...
Unmounting local filesystems...
Rebooting... [  335.313598] reboot: Restarting system

U-Boot SPL 2015.07 (Jul 20 2015 - 15:03:54)
OMAP4430 ES2.2
SPL: Please implement spl_start_uboot() for your board
SPL: Direct Linux boot not active!
reading u-boot.img
reading u-boot.img


U-Boot 2015.07 (Jul 20 2015 - 15:03:54 -0500)

CPU  : OMAP4430 ES2.2
Board: OMAP4 Panda
I2C:   ready
DRAM:  1 GiB
MMC:   OMAP SD/MMC: 0
reading uboot.env

** Unable to read "uboot.env" from mmc0:1 **
Using default environment

Net:   No ethernet found.
Hit any key to stop autoboot:  0
switch to partitions #0, OK
mmc0 is current device
SD/MMC found on device 0
reading boot.scr
** Unable to read file boot.scr **
reading uEnv.txt
1516 bytes read in 4 ms (370.1 KiB/s)
Importing environment from mmc0 ...
Running uenvcmd ...
starting USB...
USB0:   USB EHCI 1.00
scanning bus 0 for devices... 3 USB Device(s) found
       scanning usb for storage devices... 0 Storage Device(s) found
       scanning usb for ethernet devices... 1 Ethernet Device(s) found
network start
Loading DTB over network ...
Waiting for Ethernet connection... done.
BOOTP broadcast 1
BOOTP broadcast 2
*** Unhandled DHCP Option in OFFER/ACK: 150
*** Unhandled DHCP Option in OFFER/ACK: 44
*** Unhandled DHCP Option in OFFER/ACK: 46
*** Unhandled DHCP Option in OFFER/ACK: 150
*** Unhandled DHCP Option in OFFER/ACK: 44
*** Unhandled DHCP Option in OFFER/ACK: 46
DHCP client bound to address 128.247.9.56 (1031 ms)
Using sms0 device
TFTP from server 128.247.9.166; our IP address is 128.247.9.56
Filename 'suman/omap4-panda.dtb'.
Load address: 0x88000000
Loading: ####
         1.9 MiB/s
done
Bytes transferred = 56676 (dd64 hex)
DTB loaded ...
Loading kernel over network ...
Waiting for Ethernet connection... done.
BOOTP broadcast 1
*** Unhandled DHCP Option in OFFER/ACK: 150
*** Unhandled DHCP Option in OFFER/ACK: 44
*** Unhandled DHCP Option in OFFER/ACK: 46
*** Unhandled DHCP Option in OFFER/ACK: 150
*** Unhandled DHCP Option in OFFER/ACK: 44
*** Unhandled DHCP Option in OFFER/ACK: 46
DHCP client bound to address 128.247.9.56 (29 ms)
Using sms0 device
TFTP from server 128.247.9.166; our IP address is 128.247.9.56
Filename 'suman/zImage'.
Load address: 0x82000000
Loading: #################################################################
         #################################################################
         #################################################################
         #######################################################
         2.2 MiB/s
done
Bytes transferred = 3669336 (37fd58 hex)
Kernel loaded ...
network stop
Kernel image @ 0x82000000 [ 0x000000 - 0x37fd58 ]
## Flattened Device Tree blob at 88000000
   Booting using the fdt blob at 0x88000000
   Loading Device Tree to 8ffef000, end 8ffffd63 ... OK

Starting kernel ...

[    0.000000] Booting Linux on physical CPU 0x0
[    0.000000] Initializing cgroup subsys cpuset
[    0.000000] Initializing cgroup subsys cpu
[    0.000000] Initializing cgroup subsys cpuacct
[    0.000000] Linux version 4.3.0-rc3-00010-gcecd161224c2 (suman@Irmo) (gcc version 4.9.3 20150413 (prerelease) (L
inaro GCC 4.9-2015.05) ) #56 SMP Fri Oct 2 16:28:57 CDT 2015
[    0.000000] CPU: ARMv7 Processor [411fc092] revision 2 (ARMv7), cr=10c5387d
[    0.000000] CPU: PIPT / VIPT nonaliasing data cache, VIPT aliasing instruction cache
[    0.000000] Machine model: TI OMAP4 PandaBoard
[    0.000000] cma: Reserved 16 MiB at 0xbe800000
[    0.000000] Memory policy: Data cache writealloc
[    0.000000] OMAP4: Map 0xbfe00000 to fe600000 for dram barrier
[    0.000000] OMAP4430 ES2.2
[    0.000000] PERCPU: Embedded 14 pages/cpu @eee94000 s25088 r8192 d24064 u57344
[    0.000000] Built 1 zonelists in Zone order, mobility grouping on.  Total pages: 259922
[    0.000000] Kernel command line: root=/dev/nfs rw nfsroot=128.247.9.166:/home/suman/projects/rfs/dra7/am57xx-sdk
 rootdelay=1 console=ttyO2,115200n8 noinitrd ip=dhcp
[    0.000000] PID hash table entries: 4096 (order: 2, 16384 bytes)
[    0.000000] Dentry cache hash table entries: 131072 (order: 7, 524288 bytes)
[    0.000000] Inode-cache hash table entries: 65536 (order: 6, 262144 bytes)
[    0.000000] Memory: 1001152K/1046528K available (6723K kernel code, 750K rwdata, 2288K rodata, 452K init, 8265K
bss, 28992K reserved, 16384K cma-reserved, 251904K highmem)
[    0.000000] Virtual kernel memory layout:
[    0.000000]     vector  : 0xffff0000 - 0xffff1000   (   4 kB)
[    0.000000]     fixmap  : 0xffc00000 - 0xfff00000   (3072 kB)
[    0.000000]     vmalloc : 0xf0000000 - 0xff000000   ( 240 MB)
[    0.000000]     lowmem  : 0xc0000000 - 0xef800000   ( 760 MB)
[    0.000000]     pkmap   : 0xbfe00000 - 0xc0000000   (   2 MB)
[    0.000000]     modules : 0xbf000000 - 0xbfe00000   (  14 MB)
[    0.000000]       .text : 0xc0008000 - 0xc08d4ebc   (9012 kB)
[    0.000000]       .init : 0xc08d5000 - 0xc0946000   ( 452 kB)
[    0.000000]       .data : 0xc0946000 - 0xc0a01b60   ( 751 kB)
[    0.000000]        .bss : 0xc0a04000 - 0xc12164f8   (8266 kB)
[    0.000000] Running RCU self tests
[    0.000000] Hierarchical RCU implementation.
[    0.000000]  RCU lockdep checking is enabled.
[    0.000000]  Build-time adjustment of leaf fanout to 32.
[    0.000000] NR_IRQS:16 nr_irqs:16 16
[    0.000000] L2C: platform modifies aux control register: 0x0e070000 -> 0x3e470000
[    0.000000] L2C: DT/platform modifies aux control register: 0x0e070000 -> 0x3e470000
[    0.000000] L2C-310 erratum 727915 enabled
[    0.000000] L2C-310 enabling early BRESP for Cortex-A9
[    0.000000] L2C-310 ID prefetch enabled, offset 1 lines
[    0.000000] L2C-310 cache controller enabled, 16 ways, 1024 kB
[    0.000000] L2C-310: CACHE_ID 0x410000c4, AUX_CTRL 0x7e470000
[    0.000000] ti_dt_clocks_register: failed to lookup clock node dss_fck
[    0.000000] ti_dt_clocks_register: failed to lookup clock node dss_fck
[    0.000000] ti_dt_clocks_register: failed to lookup clock node div_ts_ck
[    0.000000] ti_dt_clocks_register: failed to lookup clock node bandgap_ts_fclk
[    0.000000] OMAP clockevent source: timer1 at 32768 Hz
[    0.000000] clocksource: 32k_counter: mask: 0xffffffff max_cycles: 0xffffffff, max_idle_ns: 58327039986419 ns
[    0.000000] sched_clock: 32 bits at 32kHz, resolution 30517ns, wraps every 65535999984741ns
[    0.000000] OMAP clocksource: 32k_counter at 32768 Hz
[    0.002288] Console: colour dummy device 80x30
[    0.002380] Lock dependency validator: Copyright (c) 2006 Red Hat, Inc., Ingo Molnar
[    0.002380] ... MAX_LOCKDEP_SUBCLASSES:  8
[    0.002380] ... MAX_LOCK_DEPTH:          48
[    0.002410] ... MAX_LOCKDEP_KEYS:        8191
[    0.002410] ... CLASSHASH_SIZE:          4096
[    0.002410] ... MAX_LOCKDEP_ENTRIES:     32768
[    0.002441] ... MAX_LOCKDEP_CHAINS:      65536
[    0.002441] ... CHAINHASH_SIZE:          32768
[    0.002441]  memory used by lock dependency info: 5167 kB
[    0.002471]  per task-struct memory footprint: 1536 bytes
[    0.002502] Calibrating delay loop... 1196.85 BogoMIPS (lpj=5984256)
[    0.080322] pid_max: default: 32768 minimum: 301
[    0.080810] Security Framework initialized
[    0.080963] Mount-cache hash table entries: 2048 (order: 1, 8192 bytes)
[    0.080993] Mountpoint-cache hash table entries: 2048 (order: 1, 8192 bytes)
[    0.084960] Initializing cgroup subsys io
[    0.085083] Initializing cgroup subsys memory
[    0.085205] Initializing cgroup subsys devices
[    0.085327] Initializing cgroup subsys freezer
[    0.085510] Initializing cgroup subsys perf_event
[    0.085571] CPU: Testing write buffer coherency: ok
[    0.087341] CPU0: thread -1, cpu 0, socket 0, mpidr 80000000
[    0.087463] Setting up static identity map for 0x80008280 - 0x800082f0
[    0.130310] CPU1: thread -1, cpu 1, socket 0, mpidr 80000001
[    0.131195] Brought up 2 CPUs
[    0.131225] SMP: Total of 2 processors activated (2393.70 BogoMIPS).
[    0.131225] CPU: All CPU(s) started in SVC mode.
[    0.135284] devtmpfs: initialized
[    0.204681] VFP support v0.3: implementor 41 architecture 3 part 30 variant 9 rev 1
[    0.210723] omap_hwmod: l3_main_3 using broken dt data from ocp
[    0.216125] omap_hwmod: l3_main_2 using broken dt data from ocp
[    0.420654] clocksource: jiffies: mask: 0xffffffff max_cycles: 0xffffffff, max_idle_ns: 19112604462750000 ns
[    0.423675] pinctrl core: initialized pinctrl subsystem
[    0.430236] NET: Registered protocol family 16
[    0.436889] DMA: preallocated 256 KiB pool for atomic coherent allocations
[    0.460571] cpuidle: using governor ladder
[    0.490417] cpuidle: using governor menu
[    0.508239] OMAP GPIO hardware version 0.1
[    0.521331] omap-gpmc 50000000.gpmc: GPMC revision 6.0
[    0.521514] gpmc_mem_init: disabling cs 0 mapped at 0x0-0x1000000
[    0.522766] irq: no irq domain found for /ocp/l4@4a000000/scm@100000/pinmux@40 !
[    0.523559] irq: no irq domain found for /ocp/l4@4a000000/scm@100000/pinmux@40 !
[    0.524353] irq: no irq domain found for /ocp/l4@4a000000/scm@100000/pinmux@40 !
[    0.551086] platform 4b501000.aes: Cannot lookup hwmod 'aes'
[    0.551727] platform 480a5000.des: Cannot lookup hwmod 'des'
[    0.562896] No ATAGs?
[    0.562988] hw-breakpoint: found 5 (+1 reserved) breakpoint and 1 watchpoint registers.
[    0.563018] hw-breakpoint: maximum watchpoint size is 4 bytes.
[    0.566894] OMAP DMA hardware revision 0.0
[    0.569519] ARM PMU: not yet supported on OMAP4430 due to missing CTI driver
[    0.639282] omap-dma-engine 4a056000.dma-controller: OMAP DMA engine driver
[    0.720886] reg-fixed-voltage wl12xx_vmmc: could not find pctldev for node /ocp/l4@4a000000/scm@100000/pinmux@40
/pinmux_wl12xx_gpio, deferring probe
[    0.727355] omap-iommu 4a066000.mmu: 4a066000.mmu registered
[    0.727874] omap-iommu 55082000.mmu: 55082000.mmu registered
[    0.729217] SCSI subsystem initialized
[    0.730895] usbcore: registered new interface driver usbfs
[    0.731079] usbcore: registered new interface driver hub
[    0.731262] usbcore: registered new device driver usb
[    0.733642] omap_i2c 48070000.i2c: could not find pctldev for node /ocp/l4@4a000000/scm@100000/pinmux@40/pinmux_
i2c1_pins, deferring probe
[    0.733764] omap_i2c 48072000.i2c: could not find pctldev for node /ocp/l4@4a000000/scm@100000/pinmux@40/pinmux_
i2c2_pins, deferring probe
[    0.733856] omap_i2c 48060000.i2c: could not find pctldev for node /ocp/l4@4a000000/scm@100000/pinmux@40/pinmux_
i2c3_pins, deferring probe
[    0.733978] omap_i2c 48350000.i2c: could not find pctldev for node /ocp/l4@4a000000/scm@100000/pinmux@40/pinmux_
i2c4_pins, deferring probe
[    0.734497] pps_core: LinuxPPS API ver. 1 registered
[    0.734497] pps_core: Software ver. 5.3.6 - Copyright 2005-2007 Rodolfo Giometti <giometti@linux.it>
[    0.734558] PTP clock support registered
[    0.739837] clocksource: Switched to clocksource 32k_counter
[    0.910217] NET: Registered protocol family 2
[    0.912872] TCP established hash table entries: 8192 (order: 3, 32768 bytes)
[    0.913085] TCP bind hash table entries: 8192 (order: 6, 294912 bytes)
[    0.915863] TCP: Hash tables configured (established 8192 bind 8192)
[    0.916259] UDP hash table entries: 512 (order: 3, 40960 bytes)
[    0.916656] UDP-Lite hash table entries: 512 (order: 3, 40960 bytes)
[    0.917938] NET: Registered protocol family 1
[    0.920104] RPC: Registered named UNIX socket transport module.
[    0.920104] RPC: Registered udp transport module.
[    0.920135] RPC: Registered tcp transport module.
[    0.920135] RPC: Registered tcp NFSv4.1 backchannel transport module.
[    0.933166] futex hash table entries: 512 (order: 3, 32768 bytes)
[    0.933563] audit: initializing netlink subsys (disabled)
[    0.933868] audit: type=2000 audit(0.910:1): initialized
[    0.938201] VFS: Disk quotas dquot_6.6.0
[    0.938598] VFS: Dquot-cache hash table entries: 1024 (order 0, 4096 bytes)
[    0.941925] NFS: Registering the id_resolver key type
[    0.942535] Key type id_resolver registered
[    0.942535] Key type id_legacy registered
[    0.942810] jffs2: version 2.2. (NAND) (SUMMARY)  Â© 2001-2006 Red Hat, Inc.
[    0.949584] bounce: pool size: 64 pages
[    0.949829] io scheduler noop registered
[    0.949890] io scheduler deadline registered
[    0.949951] io scheduler cfq registered (default)
[    0.954864] pinctrl-single 4a100040.pinmux: 203 pins at pa fc100040 size 406
[    0.955474] pinctrl-single 4a31e040.pinmux: 28 pins at pa fc31e040 size 56
[    0.962341] Serial: 8250/16550 driver, 4 ports, IRQ sharing enabled
[    0.969329] omap_uart 4806a000.serial: no wakeirq for uart0
[    0.970062] 4806a000.serial: ttyO0 at MMIO 0x4806a000 (irq = 226, base_baud = 3000000) is a OMAP UART0
[    0.972686] 4806c000.serial: ttyO1 at MMIO 0x4806c000 (irq = 227, base_baud = 3000000) is a OMAP UART1
[    0.974395] 48020000.serial: ttyO2 at MMIO 0x48020000 (irq = 228, base_baud = 3000000) is a OMAP UART2
[    1.910705] console [ttyO2] enabled
[    1.916809] 4806e000.serial: ttyO3 at MMIO 0x4806e000 (irq = 229, base_baud = 3000000) is a OMAP UART3
[    1.966400] brd: module loaded
[    1.994995] loop: module loaded
[    2.002258] mtdoops: mtd device (mtddev=name/number) must be supplied
[    2.021575] usbcore: registered new interface driver smsc95xx
[    2.028594] ehci_hcd: USB 2.0 'Enhanced' Host Controller (EHCI) Driver
[    2.035461] ehci-omap: OMAP-EHCI Host Controller driver
[    2.062011] ehci-omap 4a064c00.ehci: EHCI Host Controller
[    2.068481] ehci-omap 4a064c00.ehci: new USB bus registered, assigned bus number 1
[    2.077697] ehci-omap 4a064c00.ehci: irq 333, io mem 0x4a064c00
[    2.099822] ehci-omap 4a064c00.ehci: USB 2.0 started, EHCI 1.00
[    2.108032] usb usb1: New USB device found, idVendor=1d6b, idProduct=0002
[    2.115173] usb usb1: New USB device strings: Mfr=3, Product=2, SerialNumber=1
[    2.122741] usb usb1: Product: EHCI Host Controller
[    2.127838] usb usb1: Manufacturer: Linux 4.3.0-rc3-00010-gcecd161224c2 ehci_hcd
[    2.135589] usb usb1: SerialNumber: 4a064c00.ehci
[    2.144897] hub 1-0:1.0: USB hub found
[    2.149108] hub 1-0:1.0: 3 ports detected
[    2.160095] mousedev: PS/2 mouse device common for all mice
[    2.165924] i2c /dev entries driver
[    2.230560] ledtrig-cpu: registered to indicate activity on CPUs
[    2.238372] oprofile: no performance counters
[    2.245056] oprofile: using timer interrupt.
[    2.250915] Initializing XFRM netlink socket
[    2.256042] NET: Registered protocol family 10
[    2.264221] sit: IPv6 over IPv4 tunneling driver
[    2.271881] NET: Registered protocol family 17
[    2.276611] NET: Registered protocol family 15
[    2.281829] Key type dns_resolver registered
[    2.286560] twl: not initialized
[    2.289978] twl6030_uv_to_vsel:OUT OF RANGE! non mapped vsel for 1375000 Vs max 1316660
[    2.298339] twl6030_uv_to_vsel:OUT OF RANGE! non mapped vsel for 1375000 Vs max 1316660
[    2.306762] twl6030_uv_to_vsel:OUT OF RANGE! non mapped vsel for 1375000 Vs max 1316660
[    2.315155] twl6030_uv_to_vsel:OUT OF RANGE! non mapped vsel for 1375000 Vs max 1316660
[    2.323577] twl6030_uv_to_vsel:OUT OF RANGE! non mapped vsel for 1375000 Vs max 1316660
[    2.331970] twl6030_uv_to_vsel:OUT OF RANGE! non mapped vsel for 1375000 Vs max 1316660
[    2.340362] twl6030_uv_to_vsel:OUT OF RANGE! non mapped vsel for 1410000 Vs max 1316660
[    2.348754] omap2_set_init_voltage: unable to find boot up OPP for vdd_mpu
[    2.355957] omap2_set_init_voltage: unable to set vdd_mpu
[    2.361663] omap2_set_init_voltage: unable to find boot up OPP for vdd_core
[    2.368927] omap2_set_init_voltage: unable to set vdd_core
[    2.374725] omap2_set_init_voltage: unable to find boot up OPP for vdd_iva
[    2.381927] omap2_set_init_voltage: unable to set vdd_iva
[    2.390441] Power Management for TI OMAP4+ devices.
[    2.395568] OMAP4 PM: u-boot >= v2012.07 is required for full PM support
[    2.402984] ThumbEE CPU extension supported.
[    2.404449] Registering SWP/SWPB emulation handler
[    2.414031] SmartReflex Class3 initialized
[    2.436096] Skipping twl internal clock init and using bootloader value (unknown osc rate)
[    2.459899] hw-breakpoint: Failed to enable monitor mode on CPU 0.
[    2.468170] hw-breakpoint: CPU 0 failed to disable vector catch
[    2.475311] twl 0-0048: PIH (irq 337) nested IRQs
[    2.489837] usb 1-1: new high-speed USB device number 2 using ehci-omap
[    2.521087] twl6040 0-004b: clk32k is not handled
[    2.533325] omap_i2c 48070000.i2c: bus 0 rev0.10 at 400 kHz
[    2.543090] omap_i2c 48072000.i2c: bus 1 rev0.10 at 400 kHz
[    2.552124] omap_i2c 48060000.i2c: bus 2 rev0.10 at 100 kHz
[    2.560089] omap_i2c 48350000.i2c: bus 3 rev0.10 at 400 kHz
[    2.641723] usb 1-1: New USB device found, idVendor=0424, idProduct=9514
[    2.647064] usb 1-1: New USB device strings: Mfr=0, Product=0, SerialNumber=0
[    2.659301] hub 1-1:1.0: USB hub found
[    2.664215] hub 1-1:1.0: 5 ports detected
[    2.680084] mmc0: host does not support reading read-only switch, assuming write-enable
[    2.690887] mmc0: new high speed SD card at address 2d3d
[    2.700225] mmcblk0: mmc0:2d3d SD02G 1.87 GiB
[    2.709075]  mmcblk0: p1 p2
[    2.733062] hctosys: unable to open rtc device (rtc0)
[    2.738433] sr_init: No PMIC hook to init smartreflex
[    2.744323] smartreflex smartreflex.0: omap_sr_probe: SmartReflex driver initialized
[    2.753448] smartreflex smartreflex.1: omap_sr_probe: SmartReflex driver initialized
[    2.762573] smartreflex smartreflex.2: omap_sr_probe: SmartReflex driver initialized
[    2.950134] usb 1-1.1: new high-speed USB device number 3 using ehci-omap
[    3.062316] usb 1-1.1: New USB device found, idVendor=0424, idProduct=ec00
[    3.069549] usb 1-1.1: New USB device strings: Mfr=0, Product=0, SerialNumber=0
[    3.086425] smsc95xx v1.0.4
[    3.160491] smsc95xx 1-1.1:1.0 eth0: register 'smsc95xx' at usb-4a064c00.ehci-1.1, smsc95xx USB 2.0 Ethernet, d2
:fe:18:eb:29:bd
[    3.922271] smsc95xx 1-1.1:1.0 eth0: hardware isn't capable of remote wakeup
[    3.930541] IPv6: ADDRCONF(NETDEV_UP): eth0: link is not ready
[    5.473876] smsc95xx 1-1.1:1.0 eth0: link up, 100Mbps, full-duplex, lpa 0x45E1
[    5.489868] IPv6: ADDRCONF(NETDEV_CHANGE): eth0: link becomes ready
[    5.511596] Sending DHCP requests ., OK
[    6.570098] IP-Config: Got DHCP answer from 128.247.8.4, my address is 128.247.9.202
[    6.578338] IP-Config: Complete:
[    6.582946]      device=eth0, hwaddr=d2:fe:18:eb:29:bd, ipaddr=128.247.9.202, mask=255.255.254.0, gw=128.247.8.1
[    6.593688]      host=dhcp-128-247-9-202, domain=am.dhcp.ti.com, nis-domain=(none)
[    6.601654]      bootserver=0.0.0.0, rootserver=128.247.9.166, rootpath=
[    6.608520]      nameserver0=192.0.2.2, nameserver1=192.0.2.3
[    6.612518] vwl1271: disabling
[    6.623229] VDAC: disabling
[    6.627075] VANA: disabling
[    6.630950] VUSB: disabling
[    6.637451] Waiting 1 sec before mounting root device...
[    7.663421] VFS: Mounted root (nfs filesystem) on device 0:15.
[    7.671386] devtmpfs: mounted
[    7.676055] Freeing unused kernel memory: 452K (c08d5000 - c0946000)
INIT: version 2.88 booting
Error opening /dev/fb0: No such file or directory
Starting udev
[    9.051422] udevd[113]: starting version 182
[   15.129241] EXT4-fs (mmcblk0p2): warning: maximal mount count reached, running e2fsck is recommended
[   15.138336] FAT-fs (mmcblk0p1): Volume was not properly unmounted. Some data may be corrupt. Please run fsck.
[   15.161254] EXT4-fs (mmcblk0p2): mounted filesystem with ordered data mode. Opts: (null)
[   15.530120] random: nonblocking pool is initialized
depmod: ERROR: could not open directory /lib/modules/4.3.0-rc3-00010-gcecd161224c2: No such file or directory
depmod: WARNING: -e needs -E or -F
depmod: ERROR: could not open directory /lib/modules/4.3.0-rc3-00010-gcecd161224c2: No such file or directory
depmod: FATAL: could not search modules: No such file or directory
Starting Bootlog daemon: bootlogd: cannot allocate pseudo tty: No such file or directory
bootlogd.
Populating dev cache
ALSA: Restoring mixer settings...
/usr/sbin/alsactl: load_state:1729: No soundcards found...
hwclock: can't open '/dev/misc/rtc': No such file or directory
Mon Sep 21 16:00:00 UTC 2015
hwclock: can't open '/dev/misc/rtc': No such file or directory
INIT: Entering runlevel: 5
NOT configuring network interfaces: / is an NFS mount
Starting system message bus: dbus.
UIM SYSFS Node Not Found
Starting Dropbear SSH server: dropbear.
Starting telnet daemon.
Starting rpcbind daemon...done.
creating NFS state directory: done
starting statd: done
hwclock: can't open '/dev/misc/rtc': No such file or directory
Starting syslogd/klogd: done
Starting thttpd.
Starting Lighttpd Web Server: lighttpd.
2015-09-21 16:00:05: (/home/jenkins/tisdk-build-am57x/build-CORTEX_1/arago-tmp-external-linaro-toolchain/work/corte
xa15t2hf-vfp-neon-linux-gnueabi/lighttpd/1.4.33-r1/lighttpd-1.4.33/src/log.c.166) server started
/
Starting Matrix GUI application.
Enabling thermal zones...
/etc/rc5.d/S98thermal-zone-init: line 7: /sys/class/thermal/thermal_zone*/mode: No such file or directory
***************************************************************
***************************************************************
NOTICE: This file system contains the followin GPLv3 packages:
        autoconf
        binutils
        cpp-symlinks
        cpp
        g++-symlinks
        g++
        gcc-symlinks
        gcc
        gdbserver
        libgmp10
        libmpc3
        libmpfr4
        make
        parted

If you do not wish to distribute GPLv3 components please remove
the above packages prior to distribution.  This can be done using
the opkg remove command.  i.e.:
    opkg remove <package>
Where <package> is the name printed in the list above

NOTE: If the package is a dependency of another package you
      will be notified of the dependent packages.  You should
      use the --force-removal-of-dependent-packages option to
      also remove the dependent packages as well
***************************************************************
***************************************************************
Stopping Bootlog daemon: bootlogd.

 _____                    _____           _         _
|  _  |___ ___ ___ ___   |  _  |___ ___  |_|___ ___| |_
|     |  _| .'| . | . |  |   __|  _| . | | | -_|  _|  _|
|__|__|_| |__,|_  |___|  |__|  |_| |___|_| |___|___|_|
              |___|                    |___|

Arago Project http://arago-project.org am57xx-evm /dev/ttyO2

Arago 2015.03 am57xx-evm /dev/ttyO2

am57xx-evm login: root
root@am57xx-evm:~#
root@am57xx-evm:~# cat /proc/version
Linux version 4.3.0-rc3-00010-gcecd161224c2 (suman@Irmo) (gcc version 4.9.3 20150413 (prerelease) (Linaro GCC 4.9-2
015.05) ) #56 SMP Fri Oct 2 16:28:57 CDT 2015
root@am57xx-evm:~#
root@am57xx-evm:~# ls -l /sys/bus/soc/devices/soc0/*
-r--r--r--    1 root     root          4096 Sep 21 16:00 /sys/bus/soc/devices/soc0/family
-r--r--r--    1 root     root          4096 Sep 21 16:00 /sys/bus/soc/devices/soc0/machine
-r--r--r--    1 root     root          4096 Sep 21 16:00 /sys/bus/soc/devices/soc0/revision
lrwxrwxrwx    1 root     root             0 Jan  1  1970 /sys/bus/soc/devices/soc0/subsystem -> ../../bus/soc
-r--r--r--    1 root     root          4096 Sep 21 16:00 /sys/bus/soc/devices/soc0/type
-rw-r--r--    1 root     root          4096 Jan  1  1970 /sys/bus/soc/devices/soc0/uevent

/sys/bus/soc/devices/soc0/power:
-rw-r--r--    1 root     root          4096 Sep 21 16:00 autosuspend_delay_ms
-rw-r--r--    1 root     root          4096 Sep 21 16:00 control
-r--r--r--    1 root     root          4096 Sep 21 16:00 runtime_active_time
-r--r--r--    1 root     root          4096 Sep 21 16:00 runtime_status
-r--r--r--    1 root     root          4096 Sep 21 16:00 runtime_suspended_time
root@am57xx-evm:~#
root@am57xx-evm:~# cat /sys/bus/soc/devices/soc0/*
OMAP4
OMAP4430
cat: read error: Is a directory
ES2.2
cat: read error: Is a directory
GP
root@am57xx-evm:~#
root@am57xx-evm:~#
root@am57xx-evm:~# dmesg | grep mmu
[    0.727355] omap-iommu 4a066000.mmu: 4a066000.mmu registered
[    0.727874] omap-iommu 55082000.mmu: 55082000.mmu registered
root@am57xx-evm:~#
root@am57xx-evm:~# ls -l /sys/bus/platform/devices/ | grep mmu
lrwxrwxrwx    1 root     root             0 Jan  1  1970 4a066000.mmu -> ../../../devices/platform/44000000.ocp/4a0
66000.mmu
lrwxrwxrwx    1 root     root             0 Jan  1  1970 55082000.mmu -> ../../../devices/platform/44000000.ocp/550
82000.mmu
lrwxrwxrwx    1 root     root             0 Jan  1  1970 iommu_test -> ../../../devices/platform/iommu_test
root@am57xx-evm:~#
root@am57xx-evm:~#
root@am57xx-evm:~# ls -l /sys/bus/platform/drivers/omap-iommu/
lrwxrwxrwx    1 root     root             0 Sep 21 16:00 4a066000.mmu -> ../../../../devices/platform/44000000.ocp/
4a066000.mmu
lrwxrwxrwx    1 root     root             0 Sep 21 16:00 55082000.mmu -> ../../../../devices/platform/44000000.ocp/
55082000.mmu
--w-------    1 root     root          4096 Sep 21 16:00 bind
--w-------    1 root     root          4096 Sep 21 16:00 uevent
--w-------    1 root     root          4096 Sep 21 16:00 unbind
root@am57xx-evm:~#
root@am57xx-evm:~#
root@am57xx-evm:~# ls -l /proc/device-tree/ocp/ | grep mmu
drwxr-xr-x    2 root     root             0 Sep 21 16:00 mmu@4a066000
drwxr-xr-x    2 root     root             0 Sep 21 16:00 mmu@55082000
root@am57xx-evm:~#
root@am57xx-evm:~#
root@am57xx-evm:~#
root@am57xx-evm:~# ls -l /d/omap_iommu/*mmu/*
-r--------    1 root     root             0 Jan  1  1970 /d/omap_iommu/4a066000.mmu/nr_tlb_entries
-r--------    1 root     root             0 Jan  1  1970 /d/omap_iommu/4a066000.mmu/pagetable
-r--------    1 root     root             0 Jan  1  1970 /d/omap_iommu/4a066000.mmu/regs
-r--------    1 root     root             0 Jan  1  1970 /d/omap_iommu/4a066000.mmu/tlb
-r--------    1 root     root             0 Jan  1  1970 /d/omap_iommu/55082000.mmu/nr_tlb_entries
-r--------    1 root     root             0 Jan  1  1970 /d/omap_iommu/55082000.mmu/pagetable
-r--------    1 root     root             0 Jan  1  1970 /d/omap_iommu/55082000.mmu/regs
-r--------    1 root     root             0 Jan  1  1970 /d/omap_iommu/55082000.mmu/tlb
root@am57xx-evm:~#
root@am57xx-evm:~# cat /d/omap_iommu/*mmu/*
32
cat: read error: Operation not permitted
cat: read error: Operation not permitted
cat: read error: Operation not permitted
32
cat: read error: Operation not permitted
cat: read error: Operation not permitted
cat: read error: Operation not permitted
root@am57xx-evm:~#
root@am57xx-evm:~#
root@am57xx-evm:~# cd /rpmsg/
root@am57xx-evm:/rpmsg# insmod iommu_dt_test.ko count=5
[  111.810333] omap_iommu_test_init: iommu_test_init entered
[  111.818298] omap_iommu_test iommu_test: Enabling IOMMU...
[  111.824066] omap_iommu_test iommu_test: dev->of_node->name: iommu_test dev_name iommu_test
[  111.832824] omap_iommu_test iommu_test: testing IOMMU 55082000.mmu
[  111.841247] omap-iommu 55082000.mmu: 55082000.mmu: version 2.1
[  111.847625] omap_iommu_test iommu_test: Mapping da 0xa0100000, pa 0x95100000, len 0x100000
[  111.857025] omap_iommu_test iommu_test: Mapping da 0xa0200000, pa 0x95200000, len 0x100000
[  111.865844] omap_iommu_test iommu_test: Mapping da 0xa0300000, pa 0x95300000, len 0x100000
[  111.874664] omap_iommu_test iommu_test: Mapping da 0xa0400000, pa 0x95400000, len 0x100000
[  111.883514] omap_iommu_test iommu_test: Mapping da 0xa0500000, pa 0x95500000, len 0x100000
root@am57xx-evm:/rpmsg#
root@am57xx-evm:/rpmsg#
root@am57xx-evm:/rpmsg# cat /d/omap_iommu/*mmu/*
32
cat: read error: Operation not permitted
cat: read error: Operation not permitted
cat: read error: Operation not permitted
32
L:      da:     pte:
--------------------------
1: 0xa0100000 0x95100002
1: 0xa0200000 0x95200002
1: 0xa0300000 0x95300002
1: 0xa0400000 0x95400002
1: 0xa0500000 0x95500002
            REVISION: 00000021
           IRQSTATUS: 00000000
           IRQENABLE: 0000001e
          WALKING_ST: 00000000
                CNTL: 00000006
            FAULT_AD: 00000000
                 TTB: ad17c000
                LOCK: 00000000
              LD_TLB: 00000000
                 CAM: 00000000
                 RAM: 00000000
              GFLUSH: 00000000
         FLUSH_ENTRY: 00000000
            READ_CAM: 00000000
            READ_RAM: 00000000
        EMU_FAULT_AD: 00000000
    cam:     ram:
-----------------------------------------
root@am57xx-evm:/rpmsg#
root@am57xx-evm:/rpmsg#
root@am57xx-evm:/rpmsg# rmmod iommu_dt_test
[  124.905517] omap_iommu_test_cleanup: iommu_test_cleanup entered
[  124.913360] omap_hwmod: mmu_ipu: _wait_target_disable failed
[  124.924896] omap_iommu_test_cleanup: detached device and freed domain
root@am57xx-evm:/rpmsg#
root@am57xx-evm:/rpmsg#
root@am57xx-evm:/rpmsg#
root@am57xx-evm:/rpmsg# cat /d/omap_iommu/*mmu/*
32
cat: read error: Operation not permitted
cat: read error: Operation not permitted
cat: read error: Operation not permitted
32
cat: read error: Operation not permitted
cat: read error: Operation not permitted
cat: read error: Operation not permitted
root@am57xx-evm:/rpmsg# 
root@am57xx-evm:/rpmsg# 
root@am57xx-evm:/rpmsg# 
root@am57xx-evm:/rpmsg# 